Archive member included to satisfy reference by file (symbol)

c:/ac6/systemworkbench/plugins/fr.ac6.mcu.externaltools.arm-none.win32_1.17.0.201812190825/tools/compiler/bin/../lib/gcc/arm-none-eabi/7.3.1/thumb/v7e-m/fpv4-sp/hard\libgcc.a(_aeabi_uldivmod.o)
                              Drivers/STM32F7xx_HAL_Driver/Src/stm32f7xx_hal_rcc.o (__aeabi_uldivmod)
c:/ac6/systemworkbench/plugins/fr.ac6.mcu.externaltools.arm-none.win32_1.17.0.201812190825/tools/compiler/bin/../lib/gcc/arm-none-eabi/7.3.1/thumb/v7e-m/fpv4-sp/hard\libgcc.a(_udivmoddi4.o)
                              c:/ac6/systemworkbench/plugins/fr.ac6.mcu.externaltools.arm-none.win32_1.17.0.201812190825/tools/compiler/bin/../lib/gcc/arm-none-eabi/7.3.1/thumb/v7e-m/fpv4-sp/hard\libgcc.a(_aeabi_uldivmod.o) (__udivmoddi4)
c:/ac6/systemworkbench/plugins/fr.ac6.mcu.externaltools.arm-none.win32_1.17.0.201812190825/tools/compiler/bin/../lib/gcc/arm-none-eabi/7.3.1/thumb/v7e-m/fpv4-sp/hard\libgcc.a(_dvmd_tls.o)
                              c:/ac6/systemworkbench/plugins/fr.ac6.mcu.externaltools.arm-none.win32_1.17.0.201812190825/tools/compiler/bin/../lib/gcc/arm-none-eabi/7.3.1/thumb/v7e-m/fpv4-sp/hard\libgcc.a(_aeabi_uldivmod.o) (__aeabi_ldiv0)
c:/ac6/systemworkbench/plugins/fr.ac6.mcu.externaltools.arm-none.win32_1.17.0.201812190825/tools/compiler/bin/../lib/gcc/arm-none-eabi/7.3.1/../../../../arm-none-eabi/lib/thumb/v7e-m/fpv4-sp/hard\libc_nano.a(lib_a-errno.o)
                              Src/syscalls.o (__errno)
c:/ac6/systemworkbench/plugins/fr.ac6.mcu.externaltools.arm-none.win32_1.17.0.201812190825/tools/compiler/bin/../lib/gcc/arm-none-eabi/7.3.1/../../../../arm-none-eabi/lib/thumb/v7e-m/fpv4-sp/hard\libc_nano.a(lib_a-exit.o)
                              c:/ac6/systemworkbench/plugins/fr.ac6.mcu.externaltools.arm-none.win32_1.17.0.201812190825/tools/compiler/bin/../lib/gcc/arm-none-eabi/7.3.1/../../../../arm-none-eabi/lib/thumb/v7e-m/fpv4-sp/hard/crt0.o (exit)
c:/ac6/systemworkbench/plugins/fr.ac6.mcu.externaltools.arm-none.win32_1.17.0.201812190825/tools/compiler/bin/../lib/gcc/arm-none-eabi/7.3.1/../../../../arm-none-eabi/lib/thumb/v7e-m/fpv4-sp/hard\libc_nano.a(lib_a-impure.o)
                              c:/ac6/systemworkbench/plugins/fr.ac6.mcu.externaltools.arm-none.win32_1.17.0.201812190825/tools/compiler/bin/../lib/gcc/arm-none-eabi/7.3.1/../../../../arm-none-eabi/lib/thumb/v7e-m/fpv4-sp/hard\libc_nano.a(lib_a-exit.o) (_global_impure_ptr)
c:/ac6/systemworkbench/plugins/fr.ac6.mcu.externaltools.arm-none.win32_1.17.0.201812190825/tools/compiler/bin/../lib/gcc/arm-none-eabi/7.3.1/../../../../arm-none-eabi/lib/thumb/v7e-m/fpv4-sp/hard\libc_nano.a(lib_a-init.o)
                              c:/ac6/systemworkbench/plugins/fr.ac6.mcu.externaltools.arm-none.win32_1.17.0.201812190825/tools/compiler/bin/../lib/gcc/arm-none-eabi/7.3.1/../../../../arm-none-eabi/lib/thumb/v7e-m/fpv4-sp/hard/crt0.o (__libc_init_array)
c:/ac6/systemworkbench/plugins/fr.ac6.mcu.externaltools.arm-none.win32_1.17.0.201812190825/tools/compiler/bin/../lib/gcc/arm-none-eabi/7.3.1/../../../../arm-none-eabi/lib/thumb/v7e-m/fpv4-sp/hard\libc_nano.a(lib_a-memset.o)
                              c:/ac6/systemworkbench/plugins/fr.ac6.mcu.externaltools.arm-none.win32_1.17.0.201812190825/tools/compiler/bin/../lib/gcc/arm-none-eabi/7.3.1/../../../../arm-none-eabi/lib/thumb/v7e-m/fpv4-sp/hard/crt0.o (memset)

Allocating common symbols
Common symbol       size              file

hsai_BlockB2        0x84              Src/main.o
hi2c3               0x4c              Src/main.o
hspi2               0x64              Src/main.o
htim8               0x40              Src/main.o
hspdif              0x4c              Src/main.o
hsai_BlockA2        0x84              Src/main.o
hi2c1               0x4c              Src/main.o
hcrc                0x24              Src/main.o
uwTick              0x4               Drivers/STM32F7xx_HAL_Driver/Src/stm32f7xx_hal.o
pFlash              0x1c              Drivers/STM32F7xx_HAL_Driver/Src/stm32f7xx_hal_flash.o
htim5               0x40              Src/main.o
htim3               0x40              Src/main.o
hltdc               0xa8              Src/main.o
hadc3               0x48              Src/main.o
hdcmi               0x50              Src/main.o
huart1              0x80              Src/main.o
hrtc                0x20              Src/main.o
htim6               0x40              Src/stm32f7xx_hal_timebase_tim.o
htim1               0x40              Src/main.o
huart6              0x80              Src/main.o
hdma2d              0x40              Src/main.o
htim2               0x40              Src/main.o
htim12              0x40              Src/main.o
hsdram1             0x34              Src/main.o
hqspi               0x4c              Src/main.o

Discarded input sections

[...]
Memory Configuration

Name             Origin             Length             Attributes
RAM              0x20000000         0x00050000         xrw
FLASH            0x08000000         0x00100000         xr
*default*        0x00000000         0xffffffff

Linker script and memory map

LOAD c:/ac6/systemworkbench/plugins/fr.ac6.mcu.externaltools.arm-none.win32_1.17.0.201812190825/tools/compiler/bin/../lib/gcc/arm-none-eabi/7.3.1/thumb/v7e-m/fpv4-sp/hard/crti.o
LOAD c:/ac6/systemworkbench/plugins/fr.ac6.mcu.externaltools.arm-none.win32_1.17.0.201812190825/tools/compiler/bin/../lib/gcc/arm-none-eabi/7.3.1/thumb/v7e-m/fpv4-sp/hard/crtbegin.o
LOAD c:/ac6/systemworkbench/plugins/fr.ac6.mcu.externaltools.arm-none.win32_1.17.0.201812190825/tools/compiler/bin/../lib/gcc/arm-none-eabi/7.3.1/../../../../arm-none-eabi/lib/thumb/v7e-m/fpv4-sp/hard/crt0.o
LOAD Drivers/STM32F7xx_HAL_Driver/Src/stm32f7xx_hal.o
LOAD Drivers/STM32F7xx_HAL_Driver/Src/stm32f7xx_hal_adc.o
LOAD Drivers/STM32F7xx_HAL_Driver/Src/stm32f7xx_hal_adc_ex.o
LOAD Drivers/STM32F7xx_HAL_Driver/Src/stm32f7xx_hal_cortex.o
LOAD Drivers/STM32F7xx_HAL_Driver/Src/stm32f7xx_hal_crc.o
LOAD Drivers/STM32F7xx_HAL_Driver/Src/stm32f7xx_hal_crc_ex.o
LOAD Drivers/STM32F7xx_HAL_Driver/Src/stm32f7xx_hal_dcmi.o
LOAD Drivers/STM32F7xx_HAL_Driver/Src/stm32f7xx_hal_dcmi_ex.o
LOAD Drivers/STM32F7xx_HAL_Driver/Src/stm32f7xx_hal_dma.o
LOAD Drivers/STM32F7xx_HAL_Driver/Src/stm32f7xx_hal_dma2d.o
LOAD Drivers/STM32F7xx_HAL_Driver/Src/stm32f7xx_hal_dma_ex.o
LOAD Drivers/STM32F7xx_HAL_Driver/Src/stm32f7xx_hal_dsi.o
LOAD Drivers/STM32F7xx_HAL_Driver/Src/stm32f7xx_hal_exti.o
LOAD Drivers/STM32F7xx_HAL_Driver/Src/stm32f7xx_hal_flash.o
LOAD Drivers/STM32F7xx_HAL_Driver/Src/stm32f7xx_hal_flash_ex.o
LOAD Drivers/STM32F7xx_HAL_Driver/Src/stm32f7xx_hal_gpio.o
LOAD Drivers/STM32F7xx_HAL_Driver/Src/stm32f7xx_hal_i2c.o
LOAD Drivers/STM32F7xx_HAL_Driver/Src/stm32f7xx_hal_i2c_ex.o
LOAD Drivers/STM32F7xx_HAL_Driver/Src/stm32f7xx_hal_ltdc.o
LOAD Drivers/STM32F7xx_HAL_Driver/Src/stm32f7xx_hal_ltdc_ex.o
LOAD Drivers/STM32F7xx_HAL_Driver/Src/stm32f7xx_hal_pwr.o
LOAD Drivers/STM32F7xx_HAL_Driver/Src/stm32f7xx_hal_pwr_ex.o
LOAD Drivers/STM32F7xx_HAL_Driver/Src/stm32f7xx_hal_qspi.o
LOAD Drivers/STM32F7xx_HAL_Driver/Src/stm32f7xx_hal_rcc.o
LOAD Drivers/STM32F7xx_HAL_Driver/Src/stm32f7xx_hal_rcc_ex.o
LOAD Drivers/STM32F7xx_HAL_Driver/Src/stm32f7xx_hal_rtc.o
LOAD Drivers/STM32F7xx_HAL_Driver/Src/stm32f7xx_hal_rtc_ex.o
LOAD Drivers/STM32F7xx_HAL_Driver/Src/stm32f7xx_hal_sai.o
LOAD Drivers/STM32F7xx_HAL_Driver/Src/stm32f7xx_hal_sai_ex.o
LOAD Drivers/STM32F7xx_HAL_Driver/Src/stm32f7xx_hal_sdram.o
LOAD Drivers/STM32F7xx_HAL_Driver/Src/stm32f7xx_hal_spdifrx.o
LOAD Drivers/STM32F7xx_HAL_Driver/Src/stm32f7xx_hal_spi.o
LOAD Drivers/STM32F7xx_HAL_Driver/Src/stm32f7xx_hal_spi_ex.o
LOAD Drivers/STM32F7xx_HAL_Driver/Src/stm32f7xx_hal_tim.o
LOAD Drivers/STM32F7xx_HAL_Driver/Src/stm32f7xx_hal_tim_ex.o
LOAD Drivers/STM32F7xx_HAL_Driver/Src/stm32f7xx_hal_uart.o
LOAD Drivers/STM32F7xx_HAL_Driver/Src/stm32f7xx_hal_uart_ex.o
LOAD Drivers/STM32F7xx_HAL_Driver/Src/stm32f7xx_ll_fmc.o
LOAD Src/main.o
LOAD Src/stm32f7xx_hal_msp.o
LOAD Src/stm32f7xx_hal_timebase_tim.o
LOAD Src/stm32f7xx_it.o
LOAD Src/syscalls.o
LOAD Src/system_stm32f7xx.o
LOAD startup/startup_stm32f746xx.o
LOAD c:/ac6/systemworkbench/plugins/fr.ac6.mcu.externaltools.arm-none.win32_1.17.0.201812190825/tools/compiler/bin/../lib/gcc/arm-none-eabi/7.3.1/../../../../arm-none-eabi/lib/thumb/v7e-m/fpv4-sp/hard\libm.a
START GROUP
LOAD c:/ac6/systemworkbench/plugins/fr.ac6.mcu.externaltools.arm-none.win32_1.17.0.201812190825/tools/compiler/bin/../lib/gcc/arm-none-eabi/7.3.1/thumb/v7e-m/fpv4-sp/hard\libgcc.a
LOAD c:/ac6/systemworkbench/plugins/fr.ac6.mcu.externaltools.arm-none.win32_1.17.0.201812190825/tools/compiler/bin/../lib/gcc/arm-none-eabi/7.3.1/../../../../arm-none-eabi/lib/thumb/v7e-m/fpv4-sp/hard\libc_nano.a
END GROUP
START GROUP
LOAD c:/ac6/systemworkbench/plugins/fr.ac6.mcu.externaltools.arm-none.win32_1.17.0.201812190825/tools/compiler/bin/../lib/gcc/arm-none-eabi/7.3.1/thumb/v7e-m/fpv4-sp/hard\libgcc.a
LOAD c:/ac6/systemworkbench/plugins/fr.ac6.mcu.externaltools.arm-none.win32_1.17.0.201812190825/tools/compiler/bin/../lib/gcc/arm-none-eabi/7.3.1/../../../../arm-none-eabi/lib/thumb/v7e-m/fpv4-sp/hard\libc_nano.a
LOAD c:/ac6/systemworkbench/plugins/fr.ac6.mcu.externaltools.arm-none.win32_1.17.0.201812190825/tools/compiler/bin/../lib/gcc/arm-none-eabi/7.3.1/../../../../arm-none-eabi/lib/thumb/v7e-m/fpv4-sp/hard\libnosys.a
END GROUP
START GROUP
LOAD c:/ac6/systemworkbench/plugins/fr.ac6.mcu.externaltools.arm-none.win32_1.17.0.201812190825/tools/compiler/bin/../lib/gcc/arm-none-eabi/7.3.1/thumb/v7e-m/fpv4-sp/hard\libgcc.a
LOAD c:/ac6/systemworkbench/plugins/fr.ac6.mcu.externaltools.arm-none.win32_1.17.0.201812190825/tools/compiler/bin/../lib/gcc/arm-none-eabi/7.3.1/../../../../arm-none-eabi/lib/thumb/v7e-m/fpv4-sp/hard\libc_nano.a
LOAD c:/ac6/systemworkbench/plugins/fr.ac6.mcu.externaltools.arm-none.win32_1.17.0.201812190825/tools/compiler/bin/../lib/gcc/arm-none-eabi/7.3.1/../../../../arm-none-eabi/lib/thumb/v7e-m/fpv4-sp/hard\libnosys.a
END GROUP
LOAD c:/ac6/systemworkbench/plugins/fr.ac6.mcu.externaltools.arm-none.win32_1.17.0.201812190825/tools/compiler/bin/../lib/gcc/arm-none-eabi/7.3.1/thumb/v7e-m/fpv4-sp/hard/crtend.o
LOAD c:/ac6/systemworkbench/plugins/fr.ac6.mcu.externaltools.arm-none.win32_1.17.0.201812190825/tools/compiler/bin/../lib/gcc/arm-none-eabi/7.3.1/thumb/v7e-m/fpv4-sp/hard/crtn.o
                0x20050000                _estack = 0x20050000
                0x00001000                _Min_Heap_Size = 0x1000
                0x00001000                _Min_Stack_Size = 0x1000

.isr_vector     0x08000000      0x1c8
                0x08000000                . = ALIGN (0x4)
 *(.isr_vector)
 .isr_vector    0x08000000      0x1c8 startup/startup_stm32f746xx.o
                0x08000000                g_pfnVectors
                0x080001c8                . = ALIGN (0x4)

.text           0x080001c8     0x522c
                0x080001c8                . = ALIGN (0x4)
 *(.text)
 .text          0x080001c8       0x40 c:/ac6/systemworkbench/plugins/fr.ac6.mcu.externaltools.arm-none.win32_1.17.0.201812190825/tools/compiler/bin/../lib/gcc/arm-none-eabi/7.3.1/thumb/v7e-m/fpv4-sp/hard/crtbegin.o
 .text          0x08000208       0x30 c:/ac6/systemworkbench/plugins/fr.ac6.mcu.externaltools.arm-none.win32_1.17.0.201812190825/tools/compiler/bin/../lib/gcc/arm-none-eabi/7.3.1/thumb/v7e-m/fpv4-sp/hard\libgcc.a(_aeabi_uldivmod.o)
                0x08000208                __aeabi_uldivmod
 .text          0x08000238      0x2cc c:/ac6/systemworkbench/plugins/fr.ac6.mcu.externaltools.arm-none.win32_1.17.0.201812190825/tools/compiler/bin/../lib/gcc/arm-none-eabi/7.3.1/thumb/v7e-m/fpv4-sp/hard\libgcc.a(_udivmoddi4.o)
                0x08000238                __udivmoddi4
 .text          0x08000504        0x4 c:/ac6/systemworkbench/plugins/fr.ac6.mcu.externaltools.arm-none.win32_1.17.0.201812190825/tools/compiler/bin/../lib/gcc/arm-none-eabi/7.3.1/thumb/v7e-m/fpv4-sp/hard\libgcc.a(_dvmd_tls.o)
                0x08000504                __aeabi_idiv0
                0x08000504                __aeabi_ldiv0
 *(.text*)
 .text.HAL_Init
                0x08000508       0x16 Drivers/STM32F7xx_HAL_Driver/Src/stm32f7xx_hal.o
                0x08000508                HAL_Init
 *fill*         0x0800051e        0x2 
 .text.HAL_IncTick
                0x08000520       0x18 Drivers/STM32F7xx_HAL_Driver/Src/stm32f7xx_hal.o
                0x08000520                HAL_IncTick
 .text.HAL_GetTick
                0x08000538        0xc Drivers/STM32F7xx_HAL_Driver/Src/stm32f7xx_hal.o
                0x08000538                HAL_GetTick
 .text.ADC_Init
                0x08000544      0x134 Drivers/STM32F7xx_HAL_Driver/Src/stm32f7xx_hal_adc.o
 .text.HAL_ADC_Init
                0x08000678       0x58 Drivers/STM32F7xx_HAL_Driver/Src/stm32f7xx_hal_adc.o
                0x08000678                HAL_ADC_Init
 .text.HAL_ADC_ConfigChannel
                0x080006d0      0x1ac Drivers/STM32F7xx_HAL_Driver/Src/stm32f7xx_hal_adc.o
                0x080006d0                HAL_ADC_ConfigChannel
 .text.HAL_NVIC_SetPriorityGrouping
                0x0800087c       0x24 Drivers/STM32F7xx_HAL_Driver/Src/stm32f7xx_hal_cortex.o
                0x0800087c                HAL_NVIC_SetPriorityGrouping
 .text.HAL_NVIC_SetPriority
                0x080008a0       0x64 Drivers/STM32F7xx_HAL_Driver/Src/stm32f7xx_hal_cortex.o
                0x080008a0                HAL_NVIC_SetPriority
 .text.HAL_NVIC_EnableIRQ
                0x08000904       0x1c Drivers/STM32F7xx_HAL_Driver/Src/stm32f7xx_hal_cortex.o
                0x08000904                HAL_NVIC_EnableIRQ
 .text.HAL_CRC_Init
                0x08000920       0x80 Drivers/STM32F7xx_HAL_Driver/Src/stm32f7xx_hal_crc.o
                0x08000920                HAL_CRC_Init
 .text.HAL_CRCEx_Polynomial_Set
                0x080009a0       0x6c Drivers/STM32F7xx_HAL_Driver/Src/stm32f7xx_hal_crc_ex.o
                0x080009a0                HAL_CRCEx_Polynomial_Set
 .text.HAL_DCMI_Init
                0x08000a0c       0x98 Drivers/STM32F7xx_HAL_Driver/Src/stm32f7xx_hal_dcmi.o
                0x08000a0c                HAL_DCMI_Init
 .text.HAL_DMA2D_Init
                0x08000aa4       0x5c Drivers/STM32F7xx_HAL_Driver/Src/stm32f7xx_hal_dma2d.o
                0x08000aa4                HAL_DMA2D_Init
 .text.HAL_DMA2D_LineEventCallback
                0x08000b00        0x2 Drivers/STM32F7xx_HAL_Driver/Src/stm32f7xx_hal_dma2d.o
                0x08000b00                HAL_DMA2D_LineEventCallback
 .text.HAL_DMA2D_CLUTLoadingCpltCallback
                0x08000b02        0x2 Drivers/STM32F7xx_HAL_Driver/Src/stm32f7xx_hal_dma2d.o
                0x08000b02                HAL_DMA2D_CLUTLoadingCpltCallback
 .text.HAL_DMA2D_IRQHandler
                0x08000b04      0x13c Drivers/STM32F7xx_HAL_Driver/Src/stm32f7xx_hal_dma2d.o
                0x08000b04                HAL_DMA2D_IRQHandler
 .text.HAL_DMA2D_ConfigLayer
                0x08000c40       0xc4 Drivers/STM32F7xx_HAL_Driver/Src/stm32f7xx_hal_dma2d.o
                0x08000c40                HAL_DMA2D_ConfigLayer
 .text.HAL_GPIO_Init
                0x08000d04      0x1e0 Drivers/STM32F7xx_HAL_Driver/Src/stm32f7xx_hal_gpio.o
                0x08000d04                HAL_GPIO_Init
 .text.HAL_GPIO_WritePin
                0x08000ee4        0xc Drivers/STM32F7xx_HAL_Driver/Src/stm32f7xx_hal_gpio.o
                0x08000ee4                HAL_GPIO_WritePin
 .text.HAL_I2C_Init
                0x08000ef0       0xbc Drivers/STM32F7xx_HAL_Driver/Src/stm32f7xx_hal_i2c.o
                0x08000ef0                HAL_I2C_Init
 .text.HAL_I2CEx_ConfigAnalogFilter
                0x08000fac       0x5c Drivers/STM32F7xx_HAL_Driver/Src/stm32f7xx_hal_i2c_ex.o
                0x08000fac                HAL_I2CEx_ConfigAnalogFilter
 .text.HAL_I2CEx_ConfigDigitalFilter
                0x08001008       0x58 Drivers/STM32F7xx_HAL_Driver/Src/stm32f7xx_hal_i2c_ex.o
                0x08001008                HAL_I2CEx_ConfigDigitalFilter
 .text.LTDC_SetConfig
                0x08001060      0x194 Drivers/STM32F7xx_HAL_Driver/Src/stm32f7xx_hal_ltdc.o
 .text.HAL_LTDC_Init
                0x080011f4       0xf4 Drivers/STM32F7xx_HAL_Driver/Src/stm32f7xx_hal_ltdc.o
                0x080011f4                HAL_LTDC_Init
 .text.HAL_LTDC_ErrorCallback
                0x080012e8        0x2 Drivers/STM32F7xx_HAL_Driver/Src/stm32f7xx_hal_ltdc.o
                0x080012e8                HAL_LTDC_ErrorCallback
 .text.HAL_LTDC_LineEventCallback
                0x080012ea        0x2 Drivers/STM32F7xx_HAL_Driver/Src/stm32f7xx_hal_ltdc.o
                0x080012ea                HAL_LTDC_LineEventCallback
 .text.HAL_LTDC_ReloadEventCallback
                0x080012ec        0x2 Drivers/STM32F7xx_HAL_Driver/Src/stm32f7xx_hal_ltdc.o
                0x080012ec                HAL_LTDC_ReloadEventCallback
 .text.HAL_LTDC_IRQHandler
                0x080012ee       0xda Drivers/STM32F7xx_HAL_Driver/Src/stm32f7xx_hal_ltdc.o
                0x080012ee                HAL_LTDC_IRQHandler
 .text.HAL_LTDC_ConfigLayer
                0x080013c8       0x5c Drivers/STM32F7xx_HAL_Driver/Src/stm32f7xx_hal_ltdc.o
                0x080013c8                HAL_LTDC_ConfigLayer
 .text.HAL_PWR_EnableBkUpAccess
                0x08001424       0x10 Drivers/STM32F7xx_HAL_Driver/Src/stm32f7xx_hal_pwr.o
                0x08001424                HAL_PWR_EnableBkUpAccess
 .text.HAL_PWREx_EnableOverDrive
                0x08001434       0x7c Drivers/STM32F7xx_HAL_Driver/Src/stm32f7xx_hal_pwr_ex.o
                0x08001434                HAL_PWREx_EnableOverDrive
 .text.QSPI_WaitFlagStateUntilTimeout
                0x080014b0       0x4a Drivers/STM32F7xx_HAL_Driver/Src/stm32f7xx_hal_qspi.o
 .text.HAL_QSPI_SetTimeout
                0x080014fa        0x4 Drivers/STM32F7xx_HAL_Driver/Src/stm32f7xx_hal_qspi.o
                0x080014fa                HAL_QSPI_SetTimeout
 *fill*         0x080014fe        0x2 
 .text.HAL_QSPI_Init
                0x08001500       0xc8 Drivers/STM32F7xx_HAL_Driver/Src/stm32f7xx_hal_qspi.o
                0x08001500                HAL_QSPI_Init
 .text.HAL_RCC_OscConfig
                0x080015c8      0x3d4 Drivers/STM32F7xx_HAL_Driver/Src/stm32f7xx_hal_rcc.o
                0x080015c8                HAL_RCC_OscConfig
 .text.HAL_RCC_GetSysClockFreq
                0x0800199c       0xa8 Drivers/STM32F7xx_HAL_Driver/Src/stm32f7xx_hal_rcc.o
                0x0800199c                HAL_RCC_GetSysClockFreq
 .text.HAL_RCC_ClockConfig
                0x08001a44      0x164 Drivers/STM32F7xx_HAL_Driver/Src/stm32f7xx_hal_rcc.o
                0x08001a44                HAL_RCC_ClockConfig
 .text.HAL_RCC_GetHCLKFreq
                0x08001ba8        0xc Drivers/STM32F7xx_HAL_Driver/Src/stm32f7xx_hal_rcc.o
                0x08001ba8                HAL_RCC_GetHCLKFreq
 .text.HAL_RCC_GetPCLK1Freq
                0x08001bb4       0x20 Drivers/STM32F7xx_HAL_Driver/Src/stm32f7xx_hal_rcc.o
                0x08001bb4                HAL_RCC_GetPCLK1Freq
 .text.HAL_RCC_GetPCLK2Freq
                0x08001bd4       0x20 Drivers/STM32F7xx_HAL_Driver/Src/stm32f7xx_hal_rcc.o
                0x08001bd4                HAL_RCC_GetPCLK2Freq
 .text.HAL_RCC_GetClockConfig
                0x08001bf4       0x3c Drivers/STM32F7xx_HAL_Driver/Src/stm32f7xx_hal_rcc.o
                0x08001bf4                HAL_RCC_GetClockConfig
 .text.HAL_RCCEx_PeriphCLKConfig
                0x08001c30      0x5ac Drivers/STM32F7xx_HAL_Driver/Src/stm32f7xx_hal_rcc_ex.o
                0x08001c30                HAL_RCCEx_PeriphCLKConfig
 .text.HAL_RCCEx_GetPeriphCLKFreq
                0x080021dc      0x1b0 Drivers/STM32F7xx_HAL_Driver/Src/stm32f7xx_hal_rcc_ex.o
                0x080021dc                HAL_RCCEx_GetPeriphCLKFreq
 .text.HAL_RTC_WaitForSynchro
                0x0800238c       0x32 Drivers/STM32F7xx_HAL_Driver/Src/stm32f7xx_hal_rtc.o
                0x0800238c                HAL_RTC_WaitForSynchro
 .text.RTC_EnterInitMode
                0x080023be       0x3c Drivers/STM32F7xx_HAL_Driver/Src/stm32f7xx_hal_rtc.o
                0x080023be                RTC_EnterInitMode
 *fill*         0x080023fa        0x2 
 .text.HAL_RTC_Init
                0x080023fc       0xa4 Drivers/STM32F7xx_HAL_Driver/Src/stm32f7xx_hal_rtc.o
                0x080023fc                HAL_RTC_Init
 .text.RTC_ByteToBcd2
                0x080024a0       0x16 Drivers/STM32F7xx_HAL_Driver/Src/stm32f7xx_hal_rtc.o
                0x080024a0                RTC_ByteToBcd2
 *fill*         0x080024b6        0x2 
 .text.HAL_RTC_SetTime
                0x080024b8      0x100 Drivers/STM32F7xx_HAL_Driver/Src/stm32f7xx_hal_rtc.o
                0x080024b8                HAL_RTC_SetTime
 .text.HAL_RTC_SetDate
                0x080025b8       0xdc Drivers/STM32F7xx_HAL_Driver/Src/stm32f7xx_hal_rtc.o
                0x080025b8                HAL_RTC_SetDate
 .text.HAL_RTC_SetAlarm
                0x08002694      0x160 Drivers/STM32F7xx_HAL_Driver/Src/stm32f7xx_hal_rtc.o
                0x08002694                HAL_RTC_SetAlarm
 .text.HAL_RTCEx_SetTimeStamp
                0x080027f4       0x5c Drivers/STM32F7xx_HAL_Driver/Src/stm32f7xx_hal_rtc_ex.o
                0x080027f4                HAL_RTCEx_SetTimeStamp
 .text.SAI_Disable
                0x08002850       0x44 Drivers/STM32F7xx_HAL_Driver/Src/stm32f7xx_hal_sai.o
 .text.HAL_SAI_Init
                0x08002894      0x208 Drivers/STM32F7xx_HAL_Driver/Src/stm32f7xx_hal_sai.o
                0x08002894                HAL_SAI_Init
 .text.HAL_SDRAM_Init
                0x08002a9c       0x3e Drivers/STM32F7xx_HAL_Driver/Src/stm32f7xx_hal_sdram.o
                0x08002a9c                HAL_SDRAM_Init
 *fill*         0x08002ada        0x2 
 .text.HAL_SPDIFRX_Init
                0x08002adc       0x70 Drivers/STM32F7xx_HAL_Driver/Src/stm32f7xx_hal_spdifrx.o
                0x08002adc                HAL_SPDIFRX_Init
 .text.HAL_SPI_Init
                0x08002b4c       0xba Drivers/STM32F7xx_HAL_Driver/Src/stm32f7xx_hal_spi.o
                0x08002b4c                HAL_SPI_Init
 *fill*         0x08002c06        0x2 
 .text.TIM_OC1_SetConfig
                0x08002c08       0x68 Drivers/STM32F7xx_HAL_Driver/Src/stm32f7xx_hal_tim.o
 .text.TIM_OC3_SetConfig
                0x08002c70       0x70 Drivers/STM32F7xx_HAL_Driver/Src/stm32f7xx_hal_tim.o
 .text.TIM_OC4_SetConfig
                0x08002ce0       0x54 Drivers/STM32F7xx_HAL_Driver/Src/stm32f7xx_hal_tim.o
 .text.TIM_OC5_SetConfig
                0x08002d34       0x54 Drivers/STM32F7xx_HAL_Driver/Src/stm32f7xx_hal_tim.o
 .text.TIM_OC6_SetConfig
                0x08002d88       0x54 Drivers/STM32F7xx_HAL_Driver/Src/stm32f7xx_hal_tim.o
 .text.TIM_TI1_ConfigInputStage
                0x08002ddc       0x26 Drivers/STM32F7xx_HAL_Driver/Src/stm32f7xx_hal_tim.o
 .text.TIM_TI2_ConfigInputStage
                0x08002e02       0x28 Drivers/STM32F7xx_HAL_Driver/Src/stm32f7xx_hal_tim.o
 .text.TIM_ITRx_SetConfig
                0x08002e2a       0x10 Drivers/STM32F7xx_HAL_Driver/Src/stm32f7xx_hal_tim.o
 *fill*         0x08002e3a        0x2 
 .text.HAL_TIM_Base_Start_IT
                0x08002e3c       0x2c Drivers/STM32F7xx_HAL_Driver/Src/stm32f7xx_hal_tim.o
                0x08002e3c                HAL_TIM_Base_Start_IT
 .text.HAL_TIM_OC_DelayElapsedCallback
                0x08002e68        0x2 Drivers/STM32F7xx_HAL_Driver/Src/stm32f7xx_hal_tim.o
                0x08002e68                HAL_TIM_OC_DelayElapsedCallback
 .text.HAL_TIM_IC_CaptureCallback
                0x08002e6a        0x2 Drivers/STM32F7xx_HAL_Driver/Src/stm32f7xx_hal_tim.o
                0x08002e6a                HAL_TIM_IC_CaptureCallback
 .text.HAL_TIM_PWM_PulseFinishedCallback
                0x08002e6c        0x2 Drivers/STM32F7xx_HAL_Driver/Src/stm32f7xx_hal_tim.o
                0x08002e6c                HAL_TIM_PWM_PulseFinishedCallback
 .text.HAL_TIM_TriggerCallback
                0x08002e6e        0x2 Drivers/STM32F7xx_HAL_Driver/Src/stm32f7xx_hal_tim.o
                0x08002e6e                HAL_TIM_TriggerCallback
 .text.HAL_TIM_IRQHandler
                0x08002e70      0x19a Drivers/STM32F7xx_HAL_Driver/Src/stm32f7xx_hal_tim.o
                0x08002e70                HAL_TIM_IRQHandler
 *fill*         0x0800300a        0x2 
 .text.TIM_Base_SetConfig
                0x0800300c      0x10c Drivers/STM32F7xx_HAL_Driver/Src/stm32f7xx_hal_tim.o
                0x0800300c                TIM_Base_SetConfig
 .text.HAL_TIM_Base_Init
                0x08003118       0x32 Drivers/STM32F7xx_HAL_Driver/Src/stm32f7xx_hal_tim.o
                0x08003118                HAL_TIM_Base_Init
 .text.HAL_TIM_PWM_Init
                0x0800314a       0x32 Drivers/STM32F7xx_HAL_Driver/Src/stm32f7xx_hal_tim.o
                0x0800314a                HAL_TIM_PWM_Init
 .text.TIM_OC2_SetConfig
                0x0800317c       0x70 Drivers/STM32F7xx_HAL_Driver/Src/stm32f7xx_hal_tim.o
                0x0800317c                TIM_OC2_SetConfig
 .text.HAL_TIM_PWM_ConfigChannel
                0x080031ec      0x134 Drivers/STM32F7xx_HAL_Driver/Src/stm32f7xx_hal_tim.o
                0x080031ec                HAL_TIM_PWM_ConfigChannel
 .text.TIM_ETR_SetConfig
                0x08003320       0x18 Drivers/STM32F7xx_HAL_Driver/Src/stm32f7xx_hal_tim.o
                0x08003320                TIM_ETR_SetConfig
 .text.HAL_TIM_ConfigClockSource
                0x08003338       0xdc Drivers/STM32F7xx_HAL_Driver/Src/stm32f7xx_hal_tim.o
                0x08003338                HAL_TIM_ConfigClockSource
 .text.HAL_TIMEx_MasterConfigSynchronization
                0x08003414       0x64 Drivers/STM32F7xx_HAL_Driver/Src/stm32f7xx_hal_tim_ex.o
                0x08003414                HAL_TIMEx_MasterConfigSynchronization
 .text.HAL_TIMEx_ConfigBreakDeadTime
                0x08003478       0x90 Drivers/STM32F7xx_HAL_Driver/Src/stm32f7xx_hal_tim_ex.o
                0x08003478                HAL_TIMEx_ConfigBreakDeadTime
 .text.HAL_TIMEx_CommutCallback
                0x08003508        0x2 Drivers/STM32F7xx_HAL_Driver/Src/stm32f7xx_hal_tim_ex.o
                0x08003508                HAL_TIMEx_CommutCallback
 .text.HAL_TIMEx_BreakCallback
                0x0800350a        0x2 Drivers/STM32F7xx_HAL_Driver/Src/stm32f7xx_hal_tim_ex.o
                0x0800350a                HAL_TIMEx_BreakCallback
 .text.HAL_TIMEx_Break2Callback
                0x0800350c        0x2 Drivers/STM32F7xx_HAL_Driver/Src/stm32f7xx_hal_tim_ex.o
                0x0800350c                HAL_TIMEx_Break2Callback
 *fill*         0x0800350e        0x2 
 .text.UART_SetConfig
                0x08003510      0x370 Drivers/STM32F7xx_HAL_Driver/Src/stm32f7xx_hal_uart.o
                0x08003510                UART_SetConfig
 .text.UART_AdvFeatureConfig
                0x08003880       0xca Drivers/STM32F7xx_HAL_Driver/Src/stm32f7xx_hal_uart.o
                0x08003880                UART_AdvFeatureConfig
 .text.UART_WaitOnFlagUntilTimeout
                0x0800394a       0x60 Drivers/STM32F7xx_HAL_Driver/Src/stm32f7xx_hal_uart.o
                0x0800394a                UART_WaitOnFlagUntilTimeout
 .text.UART_CheckIdleState
                0x080039aa       0x44 Drivers/STM32F7xx_HAL_Driver/Src/stm32f7xx_hal_uart.o
                0x080039aa                UART_CheckIdleState
 .text.HAL_UART_Init
                0x080039ee       0x62 Drivers/STM32F7xx_HAL_Driver/Src/stm32f7xx_hal_uart.o
                0x080039ee                HAL_UART_Init
 .text.FMC_SDRAM_Init
                0x08003a50       0x74 Drivers/STM32F7xx_HAL_Driver/Src/stm32f7xx_ll_fmc.o
                0x08003a50                FMC_SDRAM_Init
 .text.FMC_SDRAM_Timing_Init
                0x08003ac4       0x98 Drivers/STM32F7xx_HAL_Driver/Src/stm32f7xx_ll_fmc.o
                0x08003ac4                FMC_SDRAM_Timing_Init
 .text.MX_GPIO_Init
                0x08003b5c      0x340 Src/main.o
 .text.MX_ADC3_Init
                0x08003e9c       0x5c Src/main.o
 .text.MX_CRC_Init
                0x08003ef8       0x24 Src/main.o
 .text.MX_DCMI_Init
                0x08003f1c       0x30 Src/main.o
 .text.MX_DMA2D_Init
                0x08003f4c       0x30 Src/main.o
 .text.MX_FMC_Init
                0x08003f7c       0x5c Src/main.o
 .text.MX_I2C1_Init
                0x08003fd8       0x44 Src/main.o
 .text.MX_I2C3_Init
                0x0800401c       0x44 Src/main.o
 .text.MX_LTDC_Init
                0x08004060       0xa8 Src/main.o
 .text.MX_QUADSPI_Init
                0x08004108       0x2c Src/main.o
 .text.MX_RTC_Init
                0x08004134       0xc8 Src/main.o
 .text.MX_SAI2_Init
                0x080041fc       0x94 Src/main.o
 .text.MX_SPDIFRX_Init
                0x08004290       0x2c Src/main.o
 .text.MX_SPI2_Init
                0x080042bc       0x44 Src/main.o
 .text.MX_TIM8_Init
                0x08004300       0x54 Src/main.o
 .text.MX_TIM1_Init
                0x08004354       0xb8 Src/main.o
 .text.MX_TIM2_Init
                0x0800440c       0x7c Src/main.o
 .text.MX_TIM3_Init
                0x08004488       0x80 Src/main.o
 .text.MX_TIM5_Init
                0x08004508       0x80 Src/main.o
 .text.MX_TIM12_Init
                0x08004588       0x50 Src/main.o
 .text.MX_USART1_UART_Init
                0x080045d8       0x30 Src/main.o
 .text.MX_USART6_UART_Init
                0x08004608       0x30 Src/main.o
 .text.SystemClock_Config
                0x08004638       0xec Src/main.o
                0x08004638                SystemClock_Config
 .text.main     0x08004724       0x64 Src/main.o
                0x08004724                main
 .text.HAL_TIM_PeriodElapsedCallback
                0x08004788       0x18 Src/main.o
                0x08004788                HAL_TIM_PeriodElapsedCallback
 .text.HAL_FMC_MspInit
                0x080047a0       0xdc Src/stm32f7xx_hal_msp.o
 .text.HAL_MspInit
                0x0800487c       0x30 Src/stm32f7xx_hal_msp.o
                0x0800487c                HAL_MspInit
 .text.HAL_ADC_MspInit
                0x080048ac       0x88 Src/stm32f7xx_hal_msp.o
                0x080048ac                HAL_ADC_MspInit
 .text.HAL_CRC_MspInit
                0x08004934       0x2c Src/stm32f7xx_hal_msp.o
                0x08004934                HAL_CRC_MspInit
 .text.HAL_DCMI_MspInit
                0x08004960      0x114 Src/stm32f7xx_hal_msp.o
                0x08004960                HAL_DCMI_MspInit
 .text.HAL_DMA2D_MspInit
                0x08004a74       0x40 Src/stm32f7xx_hal_msp.o
                0x08004a74                HAL_DMA2D_MspInit
 .text.HAL_I2C_MspInit
                0x08004ab4       0xc0 Src/stm32f7xx_hal_msp.o
                0x08004ab4                HAL_I2C_MspInit
 .text.HAL_LTDC_MspInit
                0x08004b74      0x124 Src/stm32f7xx_hal_msp.o
                0x08004b74                HAL_LTDC_MspInit
 .text.HAL_QSPI_MspInit
                0x08004c98       0xe4 Src/stm32f7xx_hal_msp.o
                0x08004c98                HAL_QSPI_MspInit
 .text.HAL_RTC_MspInit
                0x08004d7c       0x20 Src/stm32f7xx_hal_msp.o
                0x08004d7c                HAL_RTC_MspInit
 .text.HAL_SPDIFRX_MspInit
                0x08004d9c       0x60 Src/stm32f7xx_hal_msp.o
                0x08004d9c                HAL_SPDIFRX_MspInit
 .text.HAL_SPI_MspInit
                0x08004dfc       0x90 Src/stm32f7xx_hal_msp.o
                0x08004dfc                HAL_SPI_MspInit
 .text.HAL_TIM_Base_MspInit
                0x08004e8c       0xa8 Src/stm32f7xx_hal_msp.o
                0x08004e8c                HAL_TIM_Base_MspInit
 .text.HAL_TIM_PWM_MspInit
                0x08004f34       0x2c Src/stm32f7xx_hal_msp.o
                0x08004f34                HAL_TIM_PWM_MspInit
 .text.HAL_TIM_MspPostInit
                0x08004f60      0x130 Src/stm32f7xx_hal_msp.o
                0x08004f60                HAL_TIM_MspPostInit
 .text.HAL_UART_MspInit
                0x08005090       0xe0 Src/stm32f7xx_hal_msp.o
                0x08005090                HAL_UART_MspInit
 .text.HAL_SDRAM_MspInit
                0x08005170        0x8 Src/stm32f7xx_hal_msp.o
                0x08005170                HAL_SDRAM_MspInit
 .text.HAL_SAI_MspInit
                0x08005178       0xac Src/stm32f7xx_hal_msp.o
                0x08005178                HAL_SAI_MspInit
 .text.HAL_InitTick
                0x08005224       0x7c Src/stm32f7xx_hal_timebase_tim.o
                0x08005224                HAL_InitTick
 .text.NMI_Handler
                0x080052a0        0x2 Src/stm32f7xx_it.o
                0x080052a0                NMI_Handler
 .text.HardFault_Handler
                0x080052a2        0x2 Src/stm32f7xx_it.o
                0x080052a2                HardFault_Handler
 .text.MemManage_Handler
                0x080052a4        0x2 Src/stm32f7xx_it.o
                0x080052a4                MemManage_Handler
 .text.BusFault_Handler
                0x080052a6        0x2 Src/stm32f7xx_it.o
                0x080052a6                BusFault_Handler
 .text.UsageFault_Handler
                0x080052a8        0x2 Src/stm32f7xx_it.o
                0x080052a8                UsageFault_Handler
 .text.SVC_Handler
                0x080052aa        0x2 Src/stm32f7xx_it.o
                0x080052aa                SVC_Handler
 .text.DebugMon_Handler
                0x080052ac        0x2 Src/stm32f7xx_it.o
                0x080052ac                DebugMon_Handler
 .text.PendSV_Handler
                0x080052ae        0x2 Src/stm32f7xx_it.o
                0x080052ae                PendSV_Handler
 .text.TIM6_DAC_IRQHandler
                0x080052b0       0x10 Src/stm32f7xx_it.o
                0x080052b0                TIM6_DAC_IRQHandler
 .text.LTDC_IRQHandler
                0x080052c0       0x10 Src/stm32f7xx_it.o
                0x080052c0                LTDC_IRQHandler
 .text.DMA2D_IRQHandler
                0x080052d0       0x10 Src/stm32f7xx_it.o
                0x080052d0                DMA2D_IRQHandler
 .text.SystemInit
                0x080052e0       0x50 Src/system_stm32f7xx.o
                0x080052e0                SystemInit
 .text.Reset_Handler
                0x08005330       0x50 startup/startup_stm32f746xx.o
                0x08005330                Reset_Handler
 .text.Default_Handler
                0x08005380        0x2 startup/startup_stm32f746xx.o
                0x08005380                RTC_Alarm_IRQHandler
                0x08005380                EXTI2_IRQHandler
                0x08005380                TIM8_CC_IRQHandler
                0x08005380                UART8_IRQHandler
                0x08005380                SPI4_IRQHandler
                0x08005380                TIM1_CC_IRQHandler
                0x08005380                DMA2_Stream5_IRQHandler
                0x08005380                DMA1_Stream5_IRQHandler
                0x08005380                SysTick_Handler
                0x08005380                PVD_IRQHandler
                0x08005380                TAMP_STAMP_IRQHandler
                0x08005380                CAN2_RX1_IRQHandler
                0x08005380                EXTI3_IRQHandler
                0x08005380                TIM8_TRG_COM_TIM14_IRQHandler
                0x08005380                TIM1_UP_TIM10_IRQHandler
                0x08005380                TIM8_UP_TIM13_IRQHandler
                0x08005380                I2C3_ER_IRQHandler
                0x08005380                EXTI0_IRQHandler
                0x08005380                I2C2_EV_IRQHandler
                0x08005380                DMA1_Stream2_IRQHandler
                0x08005380                CAN1_RX0_IRQHandler
                0x08005380                FPU_IRQHandler
                0x08005380                OTG_HS_WKUP_IRQHandler
                0x08005380                LTDC_ER_IRQHandler
                0x08005380                CAN2_SCE_IRQHandler
                0x08005380                DMA2_Stream2_IRQHandler
                0x08005380                SPI1_IRQHandler
                0x08005380                TIM1_BRK_TIM9_IRQHandler
                0x08005380                DCMI_IRQHandler
                0x08005380                CAN2_RX0_IRQHandler
                0x08005380                DMA2_Stream3_IRQHandler
                0x08005380                SAI2_IRQHandler
                0x08005380                USART6_IRQHandler
                0x08005380                USART3_IRQHandler
                0x08005380                CAN1_RX1_IRQHandler
                0x08005380                UART5_IRQHandler
                0x08005380                DMA2_Stream0_IRQHandler
                0x08005380                TIM4_IRQHandler
                0x08005380                QUADSPI_IRQHandler
                0x08005380                I2C1_EV_IRQHandler
                0x08005380                DMA1_Stream6_IRQHandler
                0x08005380                DMA1_Stream1_IRQHandler
                0x08005380                UART4_IRQHandler
                0x08005380                TIM3_IRQHandler
                0x08005380                RCC_IRQHandler
                0x08005380                TIM8_BRK_TIM12_IRQHandler
                0x08005380                Default_Handler
                0x08005380                CEC_IRQHandler
                0x08005380                EXTI15_10_IRQHandler
                0x08005380                ADC_IRQHandler
                0x08005380                DMA1_Stream7_IRQHandler
                0x08005380                SPI5_IRQHandler
                0x08005380                TIM7_IRQHandler
                0x08005380                SDMMC1_IRQHandler
                0x08005380                CAN2_TX_IRQHandler
                0x08005380                TIM5_IRQHandler
                0x08005380                DMA2_Stream7_IRQHandler
                0x08005380                I2C3_EV_IRQHandler
                0x08005380                EXTI9_5_IRQHandler
                0x08005380                RTC_WKUP_IRQHandler
                0x08005380                ETH_WKUP_IRQHandler
                0x08005380                SPDIF_RX_IRQHandler
                0x08005380                SPI2_IRQHandler
                0x08005380                OTG_HS_EP1_IN_IRQHandler
                0x08005380                DMA1_Stream0_IRQHandler
                0x08005380                CAN1_TX_IRQHandler
                0x08005380                EXTI4_IRQHandler
                0x08005380                RNG_IRQHandler
                0x08005380                ETH_IRQHandler
                0x08005380                OTG_HS_EP1_OUT_IRQHandler
                0x08005380                WWDG_IRQHandler
                0x08005380                SPI6_IRQHandler
                0x08005380                I2C4_EV_IRQHandler
                0x08005380                TIM2_IRQHandler
                0x08005380                OTG_FS_WKUP_IRQHandler
                0x08005380                TIM1_TRG_COM_TIM11_IRQHandler
                0x08005380                OTG_HS_IRQHandler
                0x08005380                EXTI1_IRQHandler
                0x08005380                UART7_IRQHandler
                0x08005380                USART2_IRQHandler
                0x08005380                I2C2_ER_IRQHandler
                0x08005380                DMA2_Stream1_IRQHandler
                0x08005380                CAN1_SCE_IRQHandler
                0x08005380                FLASH_IRQHandler
                0x08005380                DMA2_Stream4_IRQHandler
                0x08005380                USART1_IRQHandler
                0x08005380                OTG_FS_IRQHandler
                0x08005380                SPI3_IRQHandler
                0x08005380                DMA1_Stream4_IRQHandler
                0x08005380                I2C1_ER_IRQHandler
                0x08005380                FMC_IRQHandler
                0x08005380                LPTIM1_IRQHandler
                0x08005380                I2C4_ER_IRQHandler
                0x08005380                DMA2_Stream6_IRQHandler
                0x08005380                SAI1_IRQHandler
                0x08005380                DMA1_Stream3_IRQHandler
 *fill*         0x08005382        0x2 
 .text.__libc_init_array
                0x08005384       0x48 c:/ac6/systemworkbench/plugins/fr.ac6.mcu.externaltools.arm-none.win32_1.17.0.201812190825/tools/compiler/bin/../lib/gcc/arm-none-eabi/7.3.1/../../../../arm-none-eabi/lib/thumb/v7e-m/fpv4-sp/hard\libc_nano.a(lib_a-init.o)
                0x08005384                __libc_init_array
 .text.memset   0x080053cc       0x10 c:/ac6/systemworkbench/plugins/fr.ac6.mcu.externaltools.arm-none.win32_1.17.0.201812190825/tools/compiler/bin/../lib/gcc/arm-none-eabi/7.3.1/../../../../arm-none-eabi/lib/thumb/v7e-m/fpv4-sp/hard\libc_nano.a(lib_a-memset.o)
                0x080053cc                memset
 *(.glue_7)
 .glue_7        0x080053dc        0x0 linker stubs
 *(.glue_7t)
 .glue_7t       0x080053dc        0x0 linker stubs
 *(.eh_frame)
 .eh_frame      0x080053dc        0x0 c:/ac6/systemworkbench/plugins/fr.ac6.mcu.externaltools.arm-none.win32_1.17.0.201812190825/tools/compiler/bin/../lib/gcc/arm-none-eabi/7.3.1/thumb/v7e-m/fpv4-sp/hard/crtbegin.o
 *(.init)
 .init          0x080053dc        0x4 c:/ac6/systemworkbench/plugins/fr.ac6.mcu.externaltools.arm-none.win32_1.17.0.201812190825/tools/compiler/bin/../lib/gcc/arm-none-eabi/7.3.1/thumb/v7e-m/fpv4-sp/hard/crti.o
                0x080053dc                _init
 .init          0x080053e0        0x8 c:/ac6/systemworkbench/plugins/fr.ac6.mcu.externaltools.arm-none.win32_1.17.0.201812190825/tools/compiler/bin/../lib/gcc/arm-none-eabi/7.3.1/thumb/v7e-m/fpv4-sp/hard/crtn.o
 *(.fini)
 .fini          0x080053e8        0x4 c:/ac6/systemworkbench/plugins/fr.ac6.mcu.externaltools.arm-none.win32_1.17.0.201812190825/tools/compiler/bin/../lib/gcc/arm-none-eabi/7.3.1/thumb/v7e-m/fpv4-sp/hard/crti.o
                0x080053e8                _fini
 .fini          0x080053ec        0x8 c:/ac6/systemworkbench/plugins/fr.ac6.mcu.externaltools.arm-none.win32_1.17.0.201812190825/tools/compiler/bin/../lib/gcc/arm-none-eabi/7.3.1/thumb/v7e-m/fpv4-sp/hard/crtn.o
                0x080053f4                . = ALIGN (0x4)
                0x080053f4                _etext = .

.vfp11_veneer   0x080053f4        0x0
 .vfp11_veneer  0x080053f4        0x0 linker stubs

.v4_bx          0x080053f4        0x0
 .v4_bx         0x080053f4        0x0 linker stubs

.iplt           0x080053f4        0x0
 .iplt          0x080053f4        0x0 c:/ac6/systemworkbench/plugins/fr.ac6.mcu.externaltools.arm-none.win32_1.17.0.201812190825/tools/compiler/bin/../lib/gcc/arm-none-eabi/7.3.1/thumb/v7e-m/fpv4-sp/hard/crtbegin.o

.rodata         0x080053f4       0x18
                0x080053f4                . = ALIGN (0x4)
 *(.rodata)
 .rodata        0x080053f4       0x18 Src/system_stm32f7xx.o
                0x080053f4                AHBPrescTable
                0x08005404                APBPrescTable
 *(.rodata*)
                0x0800540c                . = ALIGN (0x4)

.ARM.extab
 *(.ARM.extab* .gnu.linkonce.armextab.*)

.ARM            0x0800540c        0x8
                0x0800540c                __exidx_start = .
 *(.ARM.exidx*)
 .ARM.exidx     0x0800540c        0x8 c:/ac6/systemworkbench/plugins/fr.ac6.mcu.externaltools.arm-none.win32_1.17.0.201812190825/tools/compiler/bin/../lib/gcc/arm-none-eabi/7.3.1/thumb/v7e-m/fpv4-sp/hard\libgcc.a(_udivmoddi4.o)
                0x08005414                __exidx_end = .

.rel.dyn        0x08005414        0x0
 .rel.iplt      0x08005414        0x0 c:/ac6/systemworkbench/plugins/fr.ac6.mcu.externaltools.arm-none.win32_1.17.0.201812190825/tools/compiler/bin/../lib/gcc/arm-none-eabi/7.3.1/thumb/v7e-m/fpv4-sp/hard/crtbegin.o

.preinit_array  0x08005414        0x0
                0x08005414                PROVIDE (__preinit_array_start = .)
 *(.preinit_array*)
                0x08005414                PROVIDE (__preinit_array_end = .)

.init_array     0x08005414        0x4
                0x08005414                PROVIDE (__init_array_start = .)
 *(SORT_BY_NAME(.init_array.*))
 *(.init_array*)
 .init_array    0x08005414        0x4 c:/ac6/systemworkbench/plugins/fr.ac6.mcu.externaltools.arm-none.win32_1.17.0.201812190825/tools/compiler/bin/../lib/gcc/arm-none-eabi/7.3.1/thumb/v7e-m/fpv4-sp/hard/crtbegin.o
                0x08005418                PROVIDE (__init_array_end = .)

.fini_array     0x08005418        0x4
                [!provide]                PROVIDE (__fini_array_start = .)
 *(SORT_BY_NAME(.fini_array.*))
 *(.fini_array*)
 .fini_array    0x08005418        0x4 c:/ac6/systemworkbench/plugins/fr.ac6.mcu.externaltools.arm-none.win32_1.17.0.201812190825/tools/compiler/bin/../lib/gcc/arm-none-eabi/7.3.1/thumb/v7e-m/fpv4-sp/hard/crtbegin.o
                [!provide]                PROVIDE (__fini_array_end = .)
                0x0800541c                _sidata = LOADADDR (.data)

.data           0x20000000        0xc load address 0x0800541c
                0x20000000                . = ALIGN (0x4)
                0x20000000                _sdata = .
 *(.data)
 .data          0x20000000        0x8 Drivers/STM32F7xx_HAL_Driver/Src/stm32f7xx_hal.o
                0x20000000                uwTickFreq
                0x20000004                uwTickPrio
 .data          0x20000008        0x4 Src/system_stm32f7xx.o
                0x20000008                SystemCoreClock
 *(.data*)
                0x2000000c                . = ALIGN (0x4)
                0x2000000c                _edata = .

.igot.plt       0x2000000c        0x0 load address 0x08005428
 .igot.plt      0x2000000c        0x0 c:/ac6/systemworkbench/plugins/fr.ac6.mcu.externaltools.arm-none.win32_1.17.0.201812190825/tools/compiler/bin/../lib/gcc/arm-none-eabi/7.3.1/thumb/v7e-m/fpv4-sp/hard/crtbegin.o
                0x2000000c                . = ALIGN (0x4)

.bss            0x2000000c      0x780 load address 0x08005428
                0x2000000c                _sbss = .
                0x2000000c                __bss_start__ = _sbss
 *(.bss)
 .bss           0x2000000c       0x1c c:/ac6/systemworkbench/plugins/fr.ac6.mcu.externaltools.arm-none.win32_1.17.0.201812190825/tools/compiler/bin/../lib/gcc/arm-none-eabi/7.3.1/thumb/v7e-m/fpv4-sp/hard/crtbegin.o
 .bss           0x20000028        0xc Src/stm32f7xx_hal_msp.o
 *(.bss*)
 *(COMMON)
 COMMON         0x20000034        0x4 Drivers/STM32F7xx_HAL_Driver/Src/stm32f7xx_hal.o
                0x20000034                uwTick
 COMMON         0x20000038      0x714 Src/main.o
                0x20000038                hsai_BlockB2
                0x200000bc                hi2c3
                0x20000108                hspi2
                0x2000016c                htim8
                0x200001ac                hspdif
                0x200001f8                hsai_BlockA2
                0x2000027c                hi2c1
                0x200002c8                hcrc
                0x200002ec                htim5
                0x2000032c                htim3
                0x2000036c                hltdc
                0x20000414                hadc3
                0x2000045c                hdcmi
                0x200004ac                huart1
                0x2000052c                hrtc
                0x2000054c                htim1
                0x2000058c                huart6
                0x2000060c                hdma2d
                0x2000064c                htim2
                0x2000068c                htim12
                0x200006cc                hsdram1
                0x20000700                hqspi
 COMMON         0x2000074c       0x40 Src/stm32f7xx_hal_timebase_tim.o
                0x2000074c                htim6
                0x2000078c                . = ALIGN (0x4)
                0x2000078c                _ebss = .
                0x2000078c                __bss_end__ = _ebss

._user_heap_stack
                0x2000078c     0x2004 load address 0x08005428
                0x20000790                . = ALIGN (0x8)
 *fill*         0x2000078c        0x4 
                0x20000790                PROVIDE (end = .)
                [!provide]                PROVIDE (_end = .)
                0x20001790                . = (. + _Min_Heap_Size)
 *fill*         0x20000790     0x1000 
                0x20002790                . = (. + _Min_Stack_Size)
 *fill*         0x20001790     0x1000 
                0x20002790                . = ALIGN (0x8)

/DISCARD/
 libc.a(*)
 libm.a(*)
 libgcc.a(*)

.ARM.attributes
                0x00000000       0x30
 *(.ARM.attributes)
 .ARM.attributes
                0x00000000       0x22 c:/ac6/systemworkbench/plugins/fr.ac6.mcu.externaltools.arm-none.win32_1.17.0.201812190825/tools/compiler/bin/../lib/gcc/arm-none-eabi/7.3.1/thumb/v7e-m/fpv4-sp/hard/crti.o
 .ARM.attributes
                0x00000022       0x34 c:/ac6/systemworkbench/plugins/fr.ac6.mcu.externaltools.arm-none.win32_1.17.0.201812190825/tools/compiler/bin/../lib/gcc/arm-none-eabi/7.3.1/thumb/v7e-m/fpv4-sp/hard/crtbegin.o
 .ARM.attributes
                0x00000056       0x39 Drivers/STM32F7xx_HAL_Driver/Src/stm32f7xx_hal.o
 .ARM.attributes
                0x0000008f       0x39 Drivers/STM32F7xx_HAL_Driver/Src/stm32f7xx_hal_adc.o
 .ARM.attributes
                0x000000c8       0x39 Drivers/STM32F7xx_HAL_Driver/Src/stm32f7xx_hal_cortex.o
 .ARM.attributes
                0x00000101       0x39 Drivers/STM32F7xx_HAL_Driver/Src/stm32f7xx_hal_crc.o
 .ARM.attributes
                0x0000013a       0x39 Drivers/STM32F7xx_HAL_Driver/Src/stm32f7xx_hal_crc_ex.o
 .ARM.attributes
                0x00000173       0x39 Drivers/STM32F7xx_HAL_Driver/Src/stm32f7xx_hal_dcmi.o
 .ARM.attributes
                0x000001ac       0x39 Drivers/STM32F7xx_HAL_Driver/Src/stm32f7xx_hal_dma2d.o
 .ARM.attributes
                0x000001e5       0x39 Drivers/STM32F7xx_HAL_Driver/Src/stm32f7xx_hal_gpio.o
 .ARM.attributes
                0x0000021e       0x39 Drivers/STM32F7xx_HAL_Driver/Src/stm32f7xx_hal_i2c.o
 .ARM.attributes
                0x00000257       0x39 Drivers/STM32F7xx_HAL_Driver/Src/stm32f7xx_hal_i2c_ex.o
 .ARM.attributes
                0x00000290       0x39 Drivers/STM32F7xx_HAL_Driver/Src/stm32f7xx_hal_ltdc.o
 .ARM.attributes
                0x000002c9       0x39 Drivers/STM32F7xx_HAL_Driver/Src/stm32f7xx_hal_pwr.o
 .ARM.attributes
                0x00000302       0x39 Drivers/STM32F7xx_HAL_Driver/Src/stm32f7xx_hal_pwr_ex.o
 .ARM.attributes
                0x0000033b       0x39 Drivers/STM32F7xx_HAL_Driver/Src/stm32f7xx_hal_qspi.o
 .ARM.attributes
                0x00000374       0x39 Drivers/STM32F7xx_HAL_Driver/Src/stm32f7xx_hal_rcc.o
 .ARM.attributes
                0x000003ad       0x39 Drivers/STM32F7xx_HAL_Driver/Src/stm32f7xx_hal_rcc_ex.o
 .ARM.attributes
                0x000003e6       0x39 Drivers/STM32F7xx_HAL_Driver/Src/stm32f7xx_hal_rtc.o
 .ARM.attributes
                0x0000041f       0x39 Drivers/STM32F7xx_HAL_Driver/Src/stm32f7xx_hal_rtc_ex.o
 .ARM.attributes
                0x00000458       0x39 Drivers/STM32F7xx_HAL_Driver/Src/stm32f7xx_hal_sai.o
 .ARM.attributes
                0x00000491       0x39 Drivers/STM32F7xx_HAL_Driver/Src/stm32f7xx_hal_sdram.o
 .ARM.attributes
                0x000004ca       0x39 Drivers/STM32F7xx_HAL_Driver/Src/stm32f7xx_hal_spdifrx.o
 .ARM.attributes
                0x00000503       0x39 Drivers/STM32F7xx_HAL_Driver/Src/stm32f7xx_hal_spi.o
 .ARM.attributes
                0x0000053c       0x39 Drivers/STM32F7xx_HAL_Driver/Src/stm32f7xx_hal_tim.o
 .ARM.attributes
                0x00000575       0x39 Drivers/STM32F7xx_HAL_Driver/Src/stm32f7xx_hal_tim_ex.o
 .ARM.attributes
                0x000005ae       0x39 Drivers/STM32F7xx_HAL_Driver/Src/stm32f7xx_hal_uart.o
 .ARM.attributes
                0x000005e7       0x39 Drivers/STM32F7xx_HAL_Driver/Src/stm32f7xx_ll_fmc.o
 .ARM.attributes
                0x00000620       0x39 Src/main.o
 .ARM.attributes
                0x00000659       0x39 Src/stm32f7xx_hal_msp.o
 .ARM.attributes
                0x00000692       0x39 Src/stm32f7xx_hal_timebase_tim.o
 .ARM.attributes
                0x000006cb       0x39 Src/stm32f7xx_it.o
 .ARM.attributes
                0x00000704       0x39 Src/system_stm32f7xx.o
 .ARM.attributes
                0x0000073d       0x21 startup/startup_stm32f746xx.o
 .ARM.attributes
                0x0000075e       0x22 c:/ac6/systemworkbench/plugins/fr.ac6.mcu.externaltools.arm-none.win32_1.17.0.201812190825/tools/compiler/bin/../lib/gcc/arm-none-eabi/7.3.1/thumb/v7e-m/fpv4-sp/hard\libgcc.a(_aeabi_uldivmod.o)
 .ARM.attributes
                0x00000780       0x34 c:/ac6/systemworkbench/plugins/fr.ac6.mcu.externaltools.arm-none.win32_1.17.0.201812190825/tools/compiler/bin/../lib/gcc/arm-none-eabi/7.3.1/thumb/v7e-m/fpv4-sp/hard\libgcc.a(_udivmoddi4.o)
 .ARM.attributes
                0x000007b4       0x22 c:/ac6/systemworkbench/plugins/fr.ac6.mcu.externaltools.arm-none.win32_1.17.0.201812190825/tools/compiler/bin/../lib/gcc/arm-none-eabi/7.3.1/thumb/v7e-m/fpv4-sp/hard\libgcc.a(_dvmd_tls.o)
 .ARM.attributes
                0x000007d6       0x34 c:/ac6/systemworkbench/plugins/fr.ac6.mcu.externaltools.arm-none.win32_1.17.0.201812190825/tools/compiler/bin/../lib/gcc/arm-none-eabi/7.3.1/../../../../arm-none-eabi/lib/thumb/v7e-m/fpv4-sp/hard\libc_nano.a(lib_a-init.o)
 .ARM.attributes
                0x0000080a       0x34 c:/ac6/systemworkbench/plugins/fr.ac6.mcu.externaltools.arm-none.win32_1.17.0.201812190825/tools/compiler/bin/../lib/gcc/arm-none-eabi/7.3.1/../../../../arm-none-eabi/lib/thumb/v7e-m/fpv4-sp/hard\libc_nano.a(lib_a-memset.o)
 .ARM.attributes
                0x0000083e       0x22 c:/ac6/systemworkbench/plugins/fr.ac6.mcu.externaltools.arm-none.win32_1.17.0.201812190825/tools/compiler/bin/../lib/gcc/arm-none-eabi/7.3.1/thumb/v7e-m/fpv4-sp/hard/crtn.o
OUTPUT(SWSTM32-Oscilloscope-521.elf elf32-littlearm)

.debug_info     0x00000000    0x2770b
 .debug_info    0x00000000      0xa6f Drivers/STM32F7xx_HAL_Driver/Src/stm32f7xx_hal.o
 .debug_info    0x00000a6f      0xdbc Drivers/STM32F7xx_HAL_Driver/Src/stm32f7xx_hal_adc.o
 .debug_info    0x0000182b     0x11ae Drivers/STM32F7xx_HAL_Driver/Src/stm32f7xx_hal_cortex.o
 .debug_info    0x000029d9      0x669 Drivers/STM32F7xx_HAL_Driver/Src/stm32f7xx_hal_crc.o
 .debug_info    0x00003042      0x42c Drivers/STM32F7xx_HAL_Driver/Src/stm32f7xx_hal_crc_ex.o
 .debug_info    0x0000346e      0xb84 Drivers/STM32F7xx_HAL_Driver/Src/stm32f7xx_hal_dcmi.o
 .debug_info    0x00003ff2     0x1101 Drivers/STM32F7xx_HAL_Driver/Src/stm32f7xx_hal_dma2d.o
 .debug_info    0x000050f3      0x7e9 Drivers/STM32F7xx_HAL_Driver/Src/stm32f7xx_hal_gpio.o
 .debug_info    0x000058dc     0x397c Drivers/STM32F7xx_HAL_Driver/Src/stm32f7xx_hal_i2c.o
 .debug_info    0x00009258      0x73d Drivers/STM32F7xx_HAL_Driver/Src/stm32f7xx_hal_i2c_ex.o
 .debug_info    0x00009995     0x1369 Drivers/STM32F7xx_HAL_Driver/Src/stm32f7xx_hal_ltdc.o
 .debug_info    0x0000acfe      0x9c2 Drivers/STM32F7xx_HAL_Driver/Src/stm32f7xx_hal_pwr.o
 .debug_info    0x0000b6c0      0xa48 Drivers/STM32F7xx_HAL_Driver/Src/stm32f7xx_hal_pwr_ex.o
 .debug_info    0x0000c108     0x1782 Drivers/STM32F7xx_HAL_Driver/Src/stm32f7xx_hal_qspi.o
 .debug_info    0x0000d88a      0xb3b Drivers/STM32F7xx_HAL_Driver/Src/stm32f7xx_hal_rcc.o
 .debug_info    0x0000e3c5      0x8a5 Drivers/STM32F7xx_HAL_Driver/Src/stm32f7xx_hal_rcc_ex.o
 .debug_info    0x0000ec6a      0xf08 Drivers/STM32F7xx_HAL_Driver/Src/stm32f7xx_hal_rtc.o
 .debug_info    0x0000fb72     0x11cf Drivers/STM32F7xx_HAL_Driver/Src/stm32f7xx_hal_rtc_ex.o
 .debug_info    0x00010d41     0x15fc Drivers/STM32F7xx_HAL_Driver/Src/stm32f7xx_hal_sai.o
 .debug_info    0x0001233d      0xe3e Drivers/STM32F7xx_HAL_Driver/Src/stm32f7xx_hal_sdram.o
 .debug_info    0x0001317b      0xf36 Drivers/STM32F7xx_HAL_Driver/Src/stm32f7xx_hal_spdifrx.o
 .debug_info    0x000140b1     0x1e9d Drivers/STM32F7xx_HAL_Driver/Src/stm32f7xx_hal_spi.o
 .debug_info    0x00015f4e     0x3314 Drivers/STM32F7xx_HAL_Driver/Src/stm32f7xx_hal_tim.o
 .debug_info    0x00019262     0x15b3 Drivers/STM32F7xx_HAL_Driver/Src/stm32f7xx_hal_tim_ex.o
 .debug_info    0x0001a815     0x1bc0 Drivers/STM32F7xx_HAL_Driver/Src/stm32f7xx_hal_uart.o
 .debug_info    0x0001c3d5      0xd0c Drivers/STM32F7xx_HAL_Driver/Src/stm32f7xx_ll_fmc.o
 .debug_info    0x0001d0e1     0x43e3 Src/main.o
 .debug_info    0x000214c4     0x4065 Src/stm32f7xx_hal_msp.o
 .debug_info    0x00025529      0xcbb Src/stm32f7xx_hal_timebase_tim.o
 .debug_info    0x000261e4      0xdc3 Src/stm32f7xx_it.o
 .debug_info    0x00026fa7      0x742 Src/system_stm32f7xx.o
 .debug_info    0x000276e9       0x22 startup/startup_stm32f746xx.o

.debug_abbrev   0x00000000     0x4062
 .debug_abbrev  0x00000000      0x1ed Drivers/STM32F7xx_HAL_Driver/Src/stm32f7xx_hal.o
 .debug_abbrev  0x000001ed      0x233 Drivers/STM32F7xx_HAL_Driver/Src/stm32f7xx_hal_adc.o
 .debug_abbrev  0x00000420      0x328 Drivers/STM32F7xx_HAL_Driver/Src/stm32f7xx_hal_cortex.o
 .debug_abbrev  0x00000748      0x1f9 Drivers/STM32F7xx_HAL_Driver/Src/stm32f7xx_hal_crc.o
 .debug_abbrev  0x00000941      0x165 Drivers/STM32F7xx_HAL_Driver/Src/stm32f7xx_hal_crc_ex.o
 .debug_abbrev  0x00000aa6      0x24c Drivers/STM32F7xx_HAL_Driver/Src/stm32f7xx_hal_dcmi.o
 .debug_abbrev  0x00000cf2      0x246 Drivers/STM32F7xx_HAL_Driver/Src/stm32f7xx_hal_dma2d.o
 .debug_abbrev  0x00000f38      0x1e7 Drivers/STM32F7xx_HAL_Driver/Src/stm32f7xx_hal_gpio.o
 .debug_abbrev  0x0000111f      0x26e Drivers/STM32F7xx_HAL_Driver/Src/stm32f7xx_hal_i2c.o
 .debug_abbrev  0x0000138d      0x178 Drivers/STM32F7xx_HAL_Driver/Src/stm32f7xx_hal_i2c_ex.o
 .debug_abbrev  0x00001505      0x215 Drivers/STM32F7xx_HAL_Driver/Src/stm32f7xx_hal_ltdc.o
 .debug_abbrev  0x0000171a      0x1b8 Drivers/STM32F7xx_HAL_Driver/Src/stm32f7xx_hal_pwr.o
 .debug_abbrev  0x000018d2      0x1c0 Drivers/STM32F7xx_HAL_Driver/Src/stm32f7xx_hal_pwr_ex.o
 .debug_abbrev  0x00001a92      0x244 Drivers/STM32F7xx_HAL_Driver/Src/stm32f7xx_hal_qspi.o
 .debug_abbrev  0x00001cd6      0x241 Drivers/STM32F7xx_HAL_Driver/Src/stm32f7xx_hal_rcc.o
 .debug_abbrev  0x00001f17      0x1de Drivers/STM32F7xx_HAL_Driver/Src/stm32f7xx_hal_rcc_ex.o
 .debug_abbrev  0x000020f5      0x1f9 Drivers/STM32F7xx_HAL_Driver/Src/stm32f7xx_hal_rtc.o
 .debug_abbrev  0x000022ee      0x208 Drivers/STM32F7xx_HAL_Driver/Src/stm32f7xx_hal_rtc_ex.o
 .debug_abbrev  0x000024f6      0x262 Drivers/STM32F7xx_HAL_Driver/Src/stm32f7xx_hal_sai.o
 .debug_abbrev  0x00002758      0x22e Drivers/STM32F7xx_HAL_Driver/Src/stm32f7xx_hal_sdram.o
 .debug_abbrev  0x00002986      0x251 Drivers/STM32F7xx_HAL_Driver/Src/stm32f7xx_hal_spdifrx.o
 .debug_abbrev  0x00002bd7      0x249 Drivers/STM32F7xx_HAL_Driver/Src/stm32f7xx_hal_spi.o
 .debug_abbrev  0x00002e20      0x226 Drivers/STM32F7xx_HAL_Driver/Src/stm32f7xx_hal_tim.o
 .debug_abbrev  0x00003046      0x237 Drivers/STM32F7xx_HAL_Driver/Src/stm32f7xx_hal_tim_ex.o
 .debug_abbrev  0x0000327d      0x24d Drivers/STM32F7xx_HAL_Driver/Src/stm32f7xx_hal_uart.o
 .debug_abbrev  0x000034ca      0x19d Drivers/STM32F7xx_HAL_Driver/Src/stm32f7xx_ll_fmc.o
 .debug_abbrev  0x00003667      0x294 Src/main.o
 .debug_abbrev  0x000038fb      0x27b Src/stm32f7xx_hal_msp.o
 .debug_abbrev  0x00003b76      0x1f0 Src/stm32f7xx_hal_timebase_tim.o
 .debug_abbrev  0x00003d66      0x1a3 Src/stm32f7xx_it.o
 .debug_abbrev  0x00003f09      0x147 Src/system_stm32f7xx.o
 .debug_abbrev  0x00004050       0x12 startup/startup_stm32f746xx.o

.debug_loc      0x00000000    0x184d8
 .debug_loc     0x00000000       0xfd Drivers/STM32F7xx_HAL_Driver/Src/stm32f7xx_hal.o
 .debug_loc     0x000000fd      0x881 Drivers/STM32F7xx_HAL_Driver/Src/stm32f7xx_hal_adc.o
 .debug_loc     0x0000097e      0x5c0 Drivers/STM32F7xx_HAL_Driver/Src/stm32f7xx_hal_cortex.o
 .debug_loc     0x00000f3e      0x4f0 Drivers/STM32F7xx_HAL_Driver/Src/stm32f7xx_hal_crc.o
 .debug_loc     0x0000142e      0x1a2 Drivers/STM32F7xx_HAL_Driver/Src/stm32f7xx_hal_crc_ex.o
 .debug_loc     0x000015d0      0x58b Drivers/STM32F7xx_HAL_Driver/Src/stm32f7xx_hal_dcmi.o
 .debug_loc     0x00001b5b      0xe94 Drivers/STM32F7xx_HAL_Driver/Src/stm32f7xx_hal_dma2d.o
 .debug_loc     0x000029ef      0x497 Drivers/STM32F7xx_HAL_Driver/Src/stm32f7xx_hal_gpio.o
 .debug_loc     0x00002e86     0x4798 Drivers/STM32F7xx_HAL_Driver/Src/stm32f7xx_hal_i2c.o
 .debug_loc     0x0000761e      0x11c Drivers/STM32F7xx_HAL_Driver/Src/stm32f7xx_hal_i2c_ex.o
 .debug_loc     0x0000773a     0x15fd Drivers/STM32F7xx_HAL_Driver/Src/stm32f7xx_hal_ltdc.o
 .debug_loc     0x00008d37       0x8d Drivers/STM32F7xx_HAL_Driver/Src/stm32f7xx_hal_pwr.o
 .debug_loc     0x00008dc4      0x198 Drivers/STM32F7xx_HAL_Driver/Src/stm32f7xx_hal_pwr_ex.o
 .debug_loc     0x00008f5c     0x1365 Drivers/STM32F7xx_HAL_Driver/Src/stm32f7xx_hal_qspi.o
 .debug_loc     0x0000a2c1      0x4b9 Drivers/STM32F7xx_HAL_Driver/Src/stm32f7xx_hal_rcc.o
 .debug_loc     0x0000a77a      0x5e6 Drivers/STM32F7xx_HAL_Driver/Src/stm32f7xx_hal_rcc_ex.o
 .debug_loc     0x0000ad60      0xb64 Drivers/STM32F7xx_HAL_Driver/Src/stm32f7xx_hal_rtc.o
 .debug_loc     0x0000b8c4      0xe5f Drivers/STM32F7xx_HAL_Driver/Src/stm32f7xx_hal_rtc_ex.o
 .debug_loc     0x0000c723     0x1361 Drivers/STM32F7xx_HAL_Driver/Src/stm32f7xx_hal_sai.o
 .debug_loc     0x0000da84      0xbf7 Drivers/STM32F7xx_HAL_Driver/Src/stm32f7xx_hal_sdram.o
 .debug_loc     0x0000e67b      0xc73 Drivers/STM32F7xx_HAL_Driver/Src/stm32f7xx_hal_spdifrx.o
 .debug_loc     0x0000f2ee     0x19ee Drivers/STM32F7xx_HAL_Driver/Src/stm32f7xx_hal_spi.o
 .debug_loc     0x00010cdc     0x3b46 Drivers/STM32F7xx_HAL_Driver/Src/stm32f7xx_hal_tim.o
 .debug_loc     0x00014822     0x15ba Drivers/STM32F7xx_HAL_Driver/Src/stm32f7xx_hal_tim_ex.o
 .debug_loc     0x00015ddc     0x16e7 Drivers/STM32F7xx_HAL_Driver/Src/stm32f7xx_hal_uart.o
 .debug_loc     0x000174c3      0x87d Drivers/STM32F7xx_HAL_Driver/Src/stm32f7xx_ll_fmc.o
 .debug_loc     0x00017d40       0x3a Src/main.o
 .debug_loc     0x00017d7a      0x5a7 Src/stm32f7xx_hal_msp.o
 .debug_loc     0x00018321       0x79 Src/stm32f7xx_hal_timebase_tim.o
 .debug_loc     0x0001839a      0x13e Src/system_stm32f7xx.o

.debug_aranges  0x00000000     0x1e80
 .debug_aranges
                0x00000000      0x100 Drivers/STM32F7xx_HAL_Driver/Src/stm32f7xx_hal.o
 .debug_aranges
                0x00000100       0xe8 Drivers/STM32F7xx_HAL_Driver/Src/stm32f7xx_hal_adc.o
 .debug_aranges
                0x000001e8       0xa8 Drivers/STM32F7xx_HAL_Driver/Src/stm32f7xx_hal_cortex.o
 .debug_aranges
                0x00000290       0x60 Drivers/STM32F7xx_HAL_Driver/Src/stm32f7xx_hal_crc.o
 .debug_aranges
                0x000002f0       0x30 Drivers/STM32F7xx_HAL_Driver/Src/stm32f7xx_hal_crc_ex.o
 .debug_aranges
                0x00000320       0xb8 Drivers/STM32F7xx_HAL_Driver/Src/stm32f7xx_hal_dcmi.o
 .debug_aranges
                0x000003d8      0x108 Drivers/STM32F7xx_HAL_Driver/Src/stm32f7xx_hal_dma2d.o
 .debug_aranges
                0x000004e0       0x58 Drivers/STM32F7xx_HAL_Driver/Src/stm32f7xx_hal_gpio.o
 .debug_aranges
                0x00000538      0x288 Drivers/STM32F7xx_HAL_Driver/Src/stm32f7xx_hal_i2c.o
 .debug_aranges
                0x000007c0       0x28 Drivers/STM32F7xx_HAL_Driver/Src/stm32f7xx_hal_i2c_ex.o
 .debug_aranges
                0x000007e8      0x158 Drivers/STM32F7xx_HAL_Driver/Src/stm32f7xx_hal_ltdc.o
 .debug_aranges
                0x00000940       0xa0 Drivers/STM32F7xx_HAL_Driver/Src/stm32f7xx_hal_pwr.o
 .debug_aranges
                0x000009e0       0x80 Drivers/STM32F7xx_HAL_Driver/Src/stm32f7xx_hal_pwr_ex.o
 .debug_aranges
                0x00000a60      0x160 Drivers/STM32F7xx_HAL_Driver/Src/stm32f7xx_hal_qspi.o
 .debug_aranges
                0x00000bc0       0x88 Drivers/STM32F7xx_HAL_Driver/Src/stm32f7xx_hal_rcc.o
 .debug_aranges
                0x00000c48       0x50 Drivers/STM32F7xx_HAL_Driver/Src/stm32f7xx_hal_rcc_ex.o
 .debug_aranges
                0x00000c98       0xb8 Drivers/STM32F7xx_HAL_Driver/Src/stm32f7xx_hal_rtc.o
 .debug_aranges
                0x00000d50      0x140 Drivers/STM32F7xx_HAL_Driver/Src/stm32f7xx_hal_rtc_ex.o
 .debug_aranges
                0x00000e90      0x178 Drivers/STM32F7xx_HAL_Driver/Src/stm32f7xx_hal_sai.o
 .debug_aranges
                0x00001008       0xd0 Drivers/STM32F7xx_HAL_Driver/Src/stm32f7xx_hal_sdram.o
 .debug_aranges
                0x000010d8       0xf8 Drivers/STM32F7xx_HAL_Driver/Src/stm32f7xx_hal_spdifrx.o
 .debug_aranges
                0x000011d0      0x1d8 Drivers/STM32F7xx_HAL_Driver/Src/stm32f7xx_hal_spi.o
 .debug_aranges
                0x000013a8      0x3b8 Drivers/STM32F7xx_HAL_Driver/Src/stm32f7xx_hal_tim.o
 .debug_aranges
                0x00001760      0x160 Drivers/STM32F7xx_HAL_Driver/Src/stm32f7xx_hal_tim_ex.o
 .debug_aranges
                0x000018c0      0x1f8 Drivers/STM32F7xx_HAL_Driver/Src/stm32f7xx_hal_uart.o
 .debug_aranges
                0x00001ab8       0xc8 Drivers/STM32F7xx_HAL_Driver/Src/stm32f7xx_ll_fmc.o
 .debug_aranges
                0x00001b80       0xe8 Src/main.o
 .debug_aranges
                0x00001c68      0x128 Src/stm32f7xx_hal_msp.o
 .debug_aranges
                0x00001d90       0x30 Src/stm32f7xx_hal_timebase_tim.o
 .debug_aranges
                0x00001dc0       0x70 Src/stm32f7xx_it.o
 .debug_aranges
                0x00001e30       0x28 Src/system_stm32f7xx.o
 .debug_aranges
                0x00001e58       0x28 startup/startup_stm32f746xx.o

.debug_ranges   0x00000000     0x1d18
 .debug_ranges  0x00000000       0xf0 Drivers/STM32F7xx_HAL_Driver/Src/stm32f7xx_hal.o
 .debug_ranges  0x000000f0       0xd8 Drivers/STM32F7xx_HAL_Driver/Src/stm32f7xx_hal_adc.o
 .debug_ranges  0x000001c8       0xf8 Drivers/STM32F7xx_HAL_Driver/Src/stm32f7xx_hal_cortex.o
 .debug_ranges  0x000002c0       0x50 Drivers/STM32F7xx_HAL_Driver/Src/stm32f7xx_hal_crc.o
 .debug_ranges  0x00000310       0x20 Drivers/STM32F7xx_HAL_Driver/Src/stm32f7xx_hal_crc_ex.o
 .debug_ranges  0x00000330       0xa8 Drivers/STM32F7xx_HAL_Driver/Src/stm32f7xx_hal_dcmi.o
 .debug_ranges  0x000003d8       0xf8 Drivers/STM32F7xx_HAL_Driver/Src/stm32f7xx_hal_dma2d.o
 .debug_ranges  0x000004d0       0x48 Drivers/STM32F7xx_HAL_Driver/Src/stm32f7xx_hal_gpio.o
 .debug_ranges  0x00000518      0x278 Drivers/STM32F7xx_HAL_Driver/Src/stm32f7xx_hal_i2c.o
 .debug_ranges  0x00000790       0x18 Drivers/STM32F7xx_HAL_Driver/Src/stm32f7xx_hal_i2c_ex.o
 .debug_ranges  0x000007a8      0x148 Drivers/STM32F7xx_HAL_Driver/Src/stm32f7xx_hal_ltdc.o
 .debug_ranges  0x000008f0       0x90 Drivers/STM32F7xx_HAL_Driver/Src/stm32f7xx_hal_pwr.o
 .debug_ranges  0x00000980       0x70 Drivers/STM32F7xx_HAL_Driver/Src/stm32f7xx_hal_pwr_ex.o
 .debug_ranges  0x000009f0      0x150 Drivers/STM32F7xx_HAL_Driver/Src/stm32f7xx_hal_qspi.o
 .debug_ranges  0x00000b40       0x78 Drivers/STM32F7xx_HAL_Driver/Src/stm32f7xx_hal_rcc.o
 .debug_ranges  0x00000bb8       0x40 Drivers/STM32F7xx_HAL_Driver/Src/stm32f7xx_hal_rcc_ex.o
 .debug_ranges  0x00000bf8       0xa8 Drivers/STM32F7xx_HAL_Driver/Src/stm32f7xx_hal_rtc.o
 .debug_ranges  0x00000ca0      0x130 Drivers/STM32F7xx_HAL_Driver/Src/stm32f7xx_hal_rtc_ex.o
 .debug_ranges  0x00000dd0      0x198 Drivers/STM32F7xx_HAL_Driver/Src/stm32f7xx_hal_sai.o
 .debug_ranges  0x00000f68       0xc0 Drivers/STM32F7xx_HAL_Driver/Src/stm32f7xx_hal_sdram.o
 .debug_ranges  0x00001028       0xe8 Drivers/STM32F7xx_HAL_Driver/Src/stm32f7xx_hal_spdifrx.o
 .debug_ranges  0x00001110      0x1c8 Drivers/STM32F7xx_HAL_Driver/Src/stm32f7xx_hal_spi.o
 .debug_ranges  0x000012d8      0x3a8 Drivers/STM32F7xx_HAL_Driver/Src/stm32f7xx_hal_tim.o
 .debug_ranges  0x00001680      0x150 Drivers/STM32F7xx_HAL_Driver/Src/stm32f7xx_hal_tim_ex.o
 .debug_ranges  0x000017d0      0x1e8 Drivers/STM32F7xx_HAL_Driver/Src/stm32f7xx_hal_uart.o
 .debug_ranges  0x000019b8       0xb8 Drivers/STM32F7xx_HAL_Driver/Src/stm32f7xx_ll_fmc.o
 .debug_ranges  0x00001a70       0xd8 Src/main.o
 .debug_ranges  0x00001b48      0x118 Src/stm32f7xx_hal_msp.o
 .debug_ranges  0x00001c60       0x20 Src/stm32f7xx_hal_timebase_tim.o
 .debug_ranges  0x00001c80       0x60 Src/stm32f7xx_it.o
 .debug_ranges  0x00001ce0       0x18 Src/system_stm32f7xx.o
 .debug_ranges  0x00001cf8       0x20 startup/startup_stm32f746xx.o

.debug_macro    0x00000000    0x2ae44
 .debug_macro   0x00000000      0x2c9 Drivers/STM32F7xx_HAL_Driver/Src/stm32f7xx_hal.o
 .debug_macro   0x000002c9      0xa60 Drivers/STM32F7xx_HAL_Driver/Src/stm32f7xx_hal.o
 .debug_macro   0x00000d29      0x1cb Drivers/STM32F7xx_HAL_Driver/Src/stm32f7xx_hal.o
 .debug_macro   0x00000ef4       0x2e Drivers/STM32F7xx_HAL_Driver/Src/stm32f7xx_hal.o
 .debug_macro   0x00000f22       0x3b Drivers/STM32F7xx_HAL_Driver/Src/stm32f7xx_hal.o
 .debug_macro   0x00000f5d       0x22 Drivers/STM32F7xx_HAL_Driver/Src/stm32f7xx_hal.o
 .debug_macro   0x00000f7f       0x8e Drivers/STM32F7xx_HAL_Driver/Src/stm32f7xx_hal.o
 .debug_macro   0x0000100d       0x51 Drivers/STM32F7xx_HAL_Driver/Src/stm32f7xx_hal.o
 .debug_macro   0x0000105e       0xef Drivers/STM32F7xx_HAL_Driver/Src/stm32f7xx_hal.o
 .debug_macro   0x0000114d       0x6a Drivers/STM32F7xx_HAL_Driver/Src/stm32f7xx_hal.o
 .debug_macro   0x000011b7      0x1df Drivers/STM32F7xx_HAL_Driver/Src/stm32f7xx_hal.o
 .debug_macro   0x00001396       0x1c Drivers/STM32F7xx_HAL_Driver/Src/stm32f7xx_hal.o
 .debug_macro   0x000013b2       0x22 Drivers/STM32F7xx_HAL_Driver/Src/stm32f7xx_hal.o
 .debug_macro   0x000013d4       0xdf Drivers/STM32F7xx_HAL_Driver/Src/stm32f7xx_hal.o
 .debug_macro   0x000014b3     0x12cd Drivers/STM32F7xx_HAL_Driver/Src/stm32f7xx_hal.o
 .debug_macro   0x00002780      0x11f Drivers/STM32F7xx_HAL_Driver/Src/stm32f7xx_hal.o
 .debug_macro   0x0000289f       0x19 Drivers/STM32F7xx_HAL_Driver/Src/stm32f7xx_hal.o
 .debug_macro   0x000028b8    0x1882d Drivers/STM32F7xx_HAL_Driver/Src/stm32f7xx_hal.o
 .debug_macro   0x0001b0e5       0x43 Drivers/STM32F7xx_HAL_Driver/Src/stm32f7xx_hal.o
 .debug_macro   0x0001b128     0x363d Drivers/STM32F7xx_HAL_Driver/Src/stm32f7xx_hal.o
 .debug_macro   0x0001e765      0x174 Drivers/STM32F7xx_HAL_Driver/Src/stm32f7xx_hal.o
 .debug_macro   0x0001e8d9       0x55 Drivers/STM32F7xx_HAL_Driver/Src/stm32f7xx_hal.o
 .debug_macro   0x0001e92e     0x18ad Drivers/STM32F7xx_HAL_Driver/Src/stm32f7xx_hal.o
 .debug_macro   0x000201db      0x6c4 Drivers/STM32F7xx_HAL_Driver/Src/stm32f7xx_hal.o
 .debug_macro   0x0002089f      0x103 Drivers/STM32F7xx_HAL_Driver/Src/stm32f7xx_hal.o
 .debug_macro   0x000209a2      0x117 Drivers/STM32F7xx_HAL_Driver/Src/stm32f7xx_hal.o
 .debug_macro   0x00020ab9      0x1fe Drivers/STM32F7xx_HAL_Driver/Src/stm32f7xx_hal.o
 .debug_macro   0x00020cb7       0x27 Drivers/STM32F7xx_HAL_Driver/Src/stm32f7xx_hal.o
 .debug_macro   0x00020cde      0x24f Drivers/STM32F7xx_HAL_Driver/Src/stm32f7xx_hal.o
 .debug_macro   0x00020f2d       0x41 Drivers/STM32F7xx_HAL_Driver/Src/stm32f7xx_hal.o
 .debug_macro   0x00020f6e       0x58 Drivers/STM32F7xx_HAL_Driver/Src/stm32f7xx_hal.o
 .debug_macro   0x00020fc6      0x236 Drivers/STM32F7xx_HAL_Driver/Src/stm32f7xx_hal.o
 .debug_macro   0x000211fc      0x408 Drivers/STM32F7xx_HAL_Driver/Src/stm32f7xx_hal.o
 .debug_macro   0x00021604      0x161 Drivers/STM32F7xx_HAL_Driver/Src/stm32f7xx_hal.o
 .debug_macro   0x00021765      0x100 Drivers/STM32F7xx_HAL_Driver/Src/stm32f7xx_hal.o
 .debug_macro   0x00021865       0xd5 Drivers/STM32F7xx_HAL_Driver/Src/stm32f7xx_hal.o
 .debug_macro   0x0002193a       0x4c Drivers/STM32F7xx_HAL_Driver/Src/stm32f7xx_hal.o
 .debug_macro   0x00021986      0x20f Drivers/STM32F7xx_HAL_Driver/Src/stm32f7xx_hal.o
 .debug_macro   0x00021b95      0x22c Drivers/STM32F7xx_HAL_Driver/Src/stm32f7xx_hal.o
 .debug_macro   0x00021dc1      0x14f Drivers/STM32F7xx_HAL_Driver/Src/stm32f7xx_hal.o
 .debug_macro   0x00021f10      0x25b Drivers/STM32F7xx_HAL_Driver/Src/stm32f7xx_hal.o
 .debug_macro   0x0002216b       0x12 Drivers/STM32F7xx_HAL_Driver/Src/stm32f7xx_hal.o
 .debug_macro   0x0002217d      0x514 Drivers/STM32F7xx_HAL_Driver/Src/stm32f7xx_hal.o
 .debug_macro   0x00022691      0x22c Drivers/STM32F7xx_HAL_Driver/Src/stm32f7xx_hal.o
 .debug_macro   0x000228bd       0x5a Drivers/STM32F7xx_HAL_Driver/Src/stm32f7xx_hal.o
 .debug_macro   0x00022917       0xa5 Drivers/STM32F7xx_HAL_Driver/Src/stm32f7xx_hal.o
 .debug_macro   0x000229bc      0x198 Drivers/STM32F7xx_HAL_Driver/Src/stm32f7xx_hal.o
 .debug_macro   0x00022b54       0xd6 Drivers/STM32F7xx_HAL_Driver/Src/stm32f7xx_hal.o
 .debug_macro   0x00022c2a      0x12f Drivers/STM32F7xx_HAL_Driver/Src/stm32f7xx_hal.o
 .debug_macro   0x00022d59      0x108 Drivers/STM32F7xx_HAL_Driver/Src/stm32f7xx_hal.o
 .debug_macro   0x00022e61       0x35 Drivers/STM32F7xx_HAL_Driver/Src/stm32f7xx_hal.o
 .debug_macro   0x00022e96      0x2e2 Drivers/STM32F7xx_HAL_Driver/Src/stm32f7xx_hal.o
 .debug_macro   0x00023178      0x313 Drivers/STM32F7xx_HAL_Driver/Src/stm32f7xx_hal.o
 .debug_macro   0x0002348b      0x4ca Drivers/STM32F7xx_HAL_Driver/Src/stm32f7xx_hal.o
 .debug_macro   0x00023955       0xd6 Drivers/STM32F7xx_HAL_Driver/Src/stm32f7xx_hal.o
 .debug_macro   0x00023a2b      0x447 Drivers/STM32F7xx_HAL_Driver/Src/stm32f7xx_hal.o
 .debug_macro   0x00023e72      0x1ed Drivers/STM32F7xx_HAL_Driver/Src/stm32f7xx_hal.o
 .debug_macro   0x0002405f      0x2fe Drivers/STM32F7xx_HAL_Driver/Src/stm32f7xx_hal.o
 .debug_macro   0x0002435d      0x9e2 Drivers/STM32F7xx_HAL_Driver/Src/stm32f7xx_hal.o
 .debug_macro   0x00024d3f       0x59 Drivers/STM32F7xx_HAL_Driver/Src/stm32f7xx_hal.o
 .debug_macro   0x00024d98      0x519 Drivers/STM32F7xx_HAL_Driver/Src/stm32f7xx_hal.o
 .debug_macro   0x000252b1       0x44 Drivers/STM32F7xx_HAL_Driver/Src/stm32f7xx_hal.o
 .debug_macro   0x000252f5      0x14e Drivers/STM32F7xx_HAL_Driver/Src/stm32f7xx_hal.o
 .debug_macro   0x00025443      0x2a6 Drivers/STM32F7xx_HAL_Driver/Src/stm32f7xx_hal_adc.o
 .debug_macro   0x000256e9      0x2a5 Drivers/STM32F7xx_HAL_Driver/Src/stm32f7xx_hal_cortex.o
 .debug_macro   0x0002598e      0x2a5 Drivers/STM32F7xx_HAL_Driver/Src/stm32f7xx_hal_crc.o
 .debug_macro   0x00025c33      0x2a5 Drivers/STM32F7xx_HAL_Driver/Src/stm32f7xx_hal_crc_ex.o
 .debug_macro   0x00025ed8      0x2ac Drivers/STM32F7xx_HAL_Driver/Src/stm32f7xx_hal_dcmi.o
 .debug_macro   0x00026184      0x2b4 Drivers/STM32F7xx_HAL_Driver/Src/stm32f7xx_hal_dma2d.o
 .debug_macro   0x00026438      0x2db Drivers/STM32F7xx_HAL_Driver/Src/stm32f7xx_hal_gpio.o
 .debug_macro   0x00026713      0x36a Drivers/STM32F7xx_HAL_Driver/Src/stm32f7xx_hal_i2c.o
 .debug_macro   0x00026a7d      0x2a5 Drivers/STM32F7xx_HAL_Driver/Src/stm32f7xx_hal_i2c_ex.o
 .debug_macro   0x00026d22      0x2a6 Drivers/STM32F7xx_HAL_Driver/Src/stm32f7xx_hal_ltdc.o
 .debug_macro   0x00026fc8      0x2c3 Drivers/STM32F7xx_HAL_Driver/Src/stm32f7xx_hal_pwr.o
 .debug_macro   0x0002728b      0x2bd Drivers/STM32F7xx_HAL_Driver/Src/stm32f7xx_hal_pwr_ex.o
 .debug_macro   0x00027548      0x2c9 Drivers/STM32F7xx_HAL_Driver/Src/stm32f7xx_hal_qspi.o
 .debug_macro   0x00027811      0x2c9 Drivers/STM32F7xx_HAL_Driver/Src/stm32f7xx_hal_rcc.o
 .debug_macro   0x00027ada      0x2a5 Drivers/STM32F7xx_HAL_Driver/Src/stm32f7xx_hal_rcc_ex.o
 .debug_macro   0x00027d7f      0x2a6 Drivers/STM32F7xx_HAL_Driver/Src/stm32f7xx_hal_rtc.o
 .debug_macro   0x00028025      0x2a5 Drivers/STM32F7xx_HAL_Driver/Src/stm32f7xx_hal_rtc_ex.o
 .debug_macro   0x000282ca      0x2b4 Drivers/STM32F7xx_HAL_Driver/Src/stm32f7xx_hal_sai.o
 .debug_macro   0x0002857e      0x2a5 Drivers/STM32F7xx_HAL_Driver/Src/stm32f7xx_hal_sdram.o
 .debug_macro   0x00028823      0x2ad Drivers/STM32F7xx_HAL_Driver/Src/stm32f7xx_hal_spdifrx.o
 .debug_macro   0x00028ad0      0x2ad Drivers/STM32F7xx_HAL_Driver/Src/stm32f7xx_hal_spi.o
 .debug_macro   0x00028d7d      0x2a6 Drivers/STM32F7xx_HAL_Driver/Src/stm32f7xx_hal_tim.o
 .debug_macro   0x00029023      0x2a5 Drivers/STM32F7xx_HAL_Driver/Src/stm32f7xx_hal_tim_ex.o
 .debug_macro   0x000292c8      0x2c2 Drivers/STM32F7xx_HAL_Driver/Src/stm32f7xx_hal_uart.o
 .debug_macro   0x0002958a      0x2a5 Drivers/STM32F7xx_HAL_Driver/Src/stm32f7xx_ll_fmc.o
 .debug_macro   0x0002982f      0x2b4 Src/main.o
 .debug_macro   0x00029ae3      0x89f Src/main.o
 .debug_macro   0x0002a382      0x2b4 Src/stm32f7xx_hal_msp.o
 .debug_macro   0x0002a636      0x2a5 Src/stm32f7xx_hal_timebase_tim.o
 .debug_macro   0x0002a8db      0x2be Src/stm32f7xx_it.o
 .debug_macro   0x0002ab99      0x2ab Src/system_stm32f7xx.o

.debug_line     0x00000000    0x1accb
 .debug_line    0x00000000      0xb24 Drivers/STM32F7xx_HAL_Driver/Src/stm32f7xx_hal.o
 .debug_line    0x00000b24      0xd85 Drivers/STM32F7xx_HAL_Driver/Src/stm32f7xx_hal_adc.o
 .debug_line    0x000018a9      0xb57 Drivers/STM32F7xx_HAL_Driver/Src/stm32f7xx_hal_cortex.o
 .debug_line    0x00002400      0xa83 Drivers/STM32F7xx_HAL_Driver/Src/stm32f7xx_hal_crc.o
 .debug_line    0x00002e83      0x95e Drivers/STM32F7xx_HAL_Driver/Src/stm32f7xx_hal_crc_ex.o
 .debug_line    0x000037e1      0xc15 Drivers/STM32F7xx_HAL_Driver/Src/stm32f7xx_hal_dcmi.o
 .debug_line    0x000043f6      0xe71 Drivers/STM32F7xx_HAL_Driver/Src/stm32f7xx_hal_dma2d.o
 .debug_line    0x00005267      0xa95 Drivers/STM32F7xx_HAL_Driver/Src/stm32f7xx_hal_gpio.o
 .debug_line    0x00005cfc     0x1cbf Drivers/STM32F7xx_HAL_Driver/Src/stm32f7xx_hal_i2c.o
 .debug_line    0x000079bb      0x99f Drivers/STM32F7xx_HAL_Driver/Src/stm32f7xx_hal_i2c_ex.o
 .debug_line    0x0000835a     0x11c3 Drivers/STM32F7xx_HAL_Driver/Src/stm32f7xx_hal_ltdc.o
 .debug_line    0x0000951d      0xa75 Drivers/STM32F7xx_HAL_Driver/Src/stm32f7xx_hal_pwr.o
 .debug_line    0x00009f92      0xa3f Drivers/STM32F7xx_HAL_Driver/Src/stm32f7xx_hal_pwr_ex.o
 .debug_line    0x0000a9d1      0xf8c Drivers/STM32F7xx_HAL_Driver/Src/stm32f7xx_hal_qspi.o
 .debug_line    0x0000b95d      0xbb7 Drivers/STM32F7xx_HAL_Driver/Src/stm32f7xx_hal_rcc.o
 .debug_line    0x0000c514      0xb31 Drivers/STM32F7xx_HAL_Driver/Src/stm32f7xx_hal_rcc_ex.o
 .debug_line    0x0000d045      0xcb8 Drivers/STM32F7xx_HAL_Driver/Src/stm32f7xx_hal_rtc.o
 .debug_line    0x0000dcfd     0x1074 Drivers/STM32F7xx_HAL_Driver/Src/stm32f7xx_hal_rtc_ex.o
 .debug_line    0x0000ed71     0x10f0 Drivers/STM32F7xx_HAL_Driver/Src/stm32f7xx_hal_sai.o
 .debug_line    0x0000fe61      0xc15 Drivers/STM32F7xx_HAL_Driver/Src/stm32f7xx_hal_sdram.o
 .debug_line    0x00010a76      0xdd2 Drivers/STM32F7xx_HAL_Driver/Src/stm32f7xx_hal_spdifrx.o
 .debug_line    0x00011848     0x13f7 Drivers/STM32F7xx_HAL_Driver/Src/stm32f7xx_hal_spi.o
 .debug_line    0x00012c3f     0x1a30 Drivers/STM32F7xx_HAL_Driver/Src/stm32f7xx_hal_tim.o
 .debug_line    0x0001466f      0xf3b Drivers/STM32F7xx_HAL_Driver/Src/stm32f7xx_hal_tim_ex.o
 .debug_line    0x000155aa     0x1436 Drivers/STM32F7xx_HAL_Driver/Src/stm32f7xx_hal_uart.o
 .debug_line    0x000169e0      0xba2 Drivers/STM32F7xx_HAL_Driver/Src/stm32f7xx_ll_fmc.o
 .debug_line    0x00017582      0xd28 Src/main.o
 .debug_line    0x000182aa      0xd95 Src/stm32f7xx_hal_msp.o
 .debug_line    0x0001903f      0x930 Src/stm32f7xx_hal_timebase_tim.o
 .debug_line    0x0001996f      0x9b6 Src/stm32f7xx_it.o
 .debug_line    0x0001a325      0x927 Src/system_stm32f7xx.o
 .debug_line    0x0001ac4c       0x7f startup/startup_stm32f746xx.o

.debug_str      0x00000000   0x10668c
 .debug_str     0x00000000    0xfbba9 Drivers/STM32F7xx_HAL_Driver/Src/stm32f7xx_hal.o
                              0xfc369 (size before relaxing)
 .debug_str     0x000fbba9      0x66f Drivers/STM32F7xx_HAL_Driver/Src/stm32f7xx_hal_adc.o
                              0xfbf70 (size before relaxing)
 .debug_str     0x000fc218      0x460 Drivers/STM32F7xx_HAL_Driver/Src/stm32f7xx_hal_cortex.o
                              0xfc3d8 (size before relaxing)
 .debug_str     0x000fc678      0x23e Drivers/STM32F7xx_HAL_Driver/Src/stm32f7xx_hal_crc.o
                              0xfbad1 (size before relaxing)
 .debug_str     0x000fc8b6       0x69 Drivers/STM32F7xx_HAL_Driver/Src/stm32f7xx_hal_crc_ex.o
                              0xfba8b (size before relaxing)
 .debug_str     0x000fc91f      0x427 Drivers/STM32F7xx_HAL_Driver/Src/stm32f7xx_hal_dcmi.o
                              0xfbf30 (size before relaxing)
 .debug_str     0x000fcd46      0x53f Drivers/STM32F7xx_HAL_Driver/Src/stm32f7xx_hal_dma2d.o
                              0xfbf76 (size before relaxing)
 .debug_str     0x000fd285      0x2b8 Drivers/STM32F7xx_HAL_Driver/Src/stm32f7xx_hal_gpio.o
                              0xfbc55 (size before relaxing)
 .debug_str     0x000fd53d      0xf47 Drivers/STM32F7xx_HAL_Driver/Src/stm32f7xx_hal_i2c.o
                              0xfcbac (size before relaxing)
 .debug_str     0x000fe484       0x3b Drivers/STM32F7xx_HAL_Driver/Src/stm32f7xx_hal_i2c_ex.o
                              0xfbda9 (size before relaxing)
 .debug_str     0x000fe4bf      0x6ac Drivers/STM32F7xx_HAL_Driver/Src/stm32f7xx_hal_ltdc.o
                              0xfbfed (size before relaxing)
 .debug_str     0x000feb6b      0x2db Drivers/STM32F7xx_HAL_Driver/Src/stm32f7xx_hal_pwr.o
                              0xfbd37 (size before relaxing)
 .debug_str     0x000fee46      0x1bd Drivers/STM32F7xx_HAL_Driver/Src/stm32f7xx_hal_pwr_ex.o
                              0xfbd05 (size before relaxing)
 .debug_str     0x000ff003      0x897 Drivers/STM32F7xx_HAL_Driver/Src/stm32f7xx_hal_qspi.o
                              0xfc3e1 (size before relaxing)
 .debug_str     0x000ff89a      0x38c Drivers/STM32F7xx_HAL_Driver/Src/stm32f7xx_hal_rcc.o
                              0xfbdb6 (size before relaxing)
 .debug_str     0x000ffc26      0x392 Drivers/STM32F7xx_HAL_Driver/Src/stm32f7xx_hal_rcc_ex.o
                              0xfbd30 (size before relaxing)
 .debug_str     0x000fffb8      0x4ee Drivers/STM32F7xx_HAL_Driver/Src/stm32f7xx_hal_rtc.o
                              0xfbdbd (size before relaxing)
 .debug_str     0x001004a6      0x59e Drivers/STM32F7xx_HAL_Driver/Src/stm32f7xx_hal_rtc_ex.o
                              0xfc164 (size before relaxing)
 .debug_str     0x00100a44      0x627 Drivers/STM32F7xx_HAL_Driver/Src/stm32f7xx_hal_sai.o
                              0xfc1b3 (size before relaxing)
 .debug_str     0x0010106b      0x5b1 Drivers/STM32F7xx_HAL_Driver/Src/stm32f7xx_hal_sdram.o
                              0xfc081 (size before relaxing)
 .debug_str     0x0010161c      0x4d7 Drivers/STM32F7xx_HAL_Driver/Src/stm32f7xx_hal_spdifrx.o
                              0xfc027 (size before relaxing)
 .debug_str     0x00101af3      0x69d Drivers/STM32F7xx_HAL_Driver/Src/stm32f7xx_hal_spi.o
                              0xfc275 (size before relaxing)
 .debug_str     0x00102190      0xf80 Drivers/STM32F7xx_HAL_Driver/Src/stm32f7xx_hal_tim.o
                              0xfcb77 (size before relaxing)
 .debug_str     0x00103110      0x532 Drivers/STM32F7xx_HAL_Driver/Src/stm32f7xx_hal_tim_ex.o
                              0xfc3c9 (size before relaxing)
 .debug_str     0x00103642      0x8e6 Drivers/STM32F7xx_HAL_Driver/Src/stm32f7xx_hal_uart.o
                              0xfc5fc (size before relaxing)
 .debug_str     0x00103f28      0x394 Drivers/STM32F7xx_HAL_Driver/Src/stm32f7xx_ll_fmc.o
                              0xfbee9 (size before relaxing)
 .debug_str     0x001042bc     0x21b4 Src/main.o
                             0x1001e5 (size before relaxing)
 .debug_str     0x00106470       0x87 Src/stm32f7xx_hal_msp.o
                              0xffe8d (size before relaxing)
 .debug_str     0x001064f7       0x50 Src/stm32f7xx_hal_timebase_tim.o
                              0xfc49a (size before relaxing)
 .debug_str     0x00106547       0xbc Src/stm32f7xx_it.o
                              0xfe12d (size before relaxing)
 .debug_str     0x00106603       0x5a Src/system_stm32f7xx.o
                              0xfba7a (size before relaxing)
 .debug_str     0x0010665d       0x2f startup/startup_stm32f746xx.o
                                 0x77 (size before relaxing)

.comment        0x00000000       0x7f
 .comment       0x00000000       0x7f Drivers/STM32F7xx_HAL_Driver/Src/stm32f7xx_hal.o
                                 0x80 (size before relaxing)
 .comment       0x0000007f       0x80 Drivers/STM32F7xx_HAL_Driver/Src/stm32f7xx_hal_adc.o
 .comment       0x0000007f       0x80 Drivers/STM32F7xx_HAL_Driver/Src/stm32f7xx_hal_cortex.o
 .comment       0x0000007f       0x80 Drivers/STM32F7xx_HAL_Driver/Src/stm32f7xx_hal_crc.o
 .comment       0x0000007f       0x80 Drivers/STM32F7xx_HAL_Driver/Src/stm32f7xx_hal_crc_ex.o
 .comment       0x0000007f       0x80 Drivers/STM32F7xx_HAL_Driver/Src/stm32f7xx_hal_dcmi.o
 .comment       0x0000007f       0x80 Drivers/STM32F7xx_HAL_Driver/Src/stm32f7xx_hal_dma2d.o
 .comment       0x0000007f       0x80 Drivers/STM32F7xx_HAL_Driver/Src/stm32f7xx_hal_gpio.o
 .comment       0x0000007f       0x80 Drivers/STM32F7xx_HAL_Driver/Src/stm32f7xx_hal_i2c.o
 .comment       0x0000007f       0x80 Drivers/STM32F7xx_HAL_Driver/Src/stm32f7xx_hal_i2c_ex.o
 .comment       0x0000007f       0x80 Drivers/STM32F7xx_HAL_Driver/Src/stm32f7xx_hal_ltdc.o
 .comment       0x0000007f       0x80 Drivers/STM32F7xx_HAL_Driver/Src/stm32f7xx_hal_pwr.o
 .comment       0x0000007f       0x80 Drivers/STM32F7xx_HAL_Driver/Src/stm32f7xx_hal_pwr_ex.o
 .comment       0x0000007f       0x80 Drivers/STM32F7xx_HAL_Driver/Src/stm32f7xx_hal_qspi.o
 .comment       0x0000007f       0x80 Drivers/STM32F7xx_HAL_Driver/Src/stm32f7xx_hal_rcc.o
 .comment       0x0000007f       0x80 Drivers/STM32F7xx_HAL_Driver/Src/stm32f7xx_hal_rcc_ex.o
 .comment       0x0000007f       0x80 Drivers/STM32F7xx_HAL_Driver/Src/stm32f7xx_hal_rtc.o
 .comment       0x0000007f       0x80 Drivers/STM32F7xx_HAL_Driver/Src/stm32f7xx_hal_rtc_ex.o
 .comment       0x0000007f       0x80 Drivers/STM32F7xx_HAL_Driver/Src/stm32f7xx_hal_sai.o
 .comment       0x0000007f       0x80 Drivers/STM32F7xx_HAL_Driver/Src/stm32f7xx_hal_sdram.o
 .comment       0x0000007f       0x80 Drivers/STM32F7xx_HAL_Driver/Src/stm32f7xx_hal_spdifrx.o
 .comment       0x0000007f       0x80 Drivers/STM32F7xx_HAL_Driver/Src/stm32f7xx_hal_spi.o
 .comment       0x0000007f       0x80 Drivers/STM32F7xx_HAL_Driver/Src/stm32f7xx_hal_tim.o
 .comment       0x0000007f       0x80 Drivers/STM32F7xx_HAL_Driver/Src/stm32f7xx_hal_tim_ex.o
 .comment       0x0000007f       0x80 Drivers/STM32F7xx_HAL_Driver/Src/stm32f7xx_hal_uart.o
 .comment       0x0000007f       0x80 Drivers/STM32F7xx_HAL_Driver/Src/stm32f7xx_ll_fmc.o
 .comment       0x0000007f       0x80 Src/main.o
 .comment       0x0000007f       0x80 Src/stm32f7xx_hal_msp.o
 .comment       0x0000007f       0x80 Src/stm32f7xx_hal_timebase_tim.o
 .comment       0x0000007f       0x80 Src/stm32f7xx_it.o
 .comment       0x0000007f       0x80 Src/system_stm32f7xx.o

.debug_frame    0x00000000     0x5630
 .debug_frame   0x00000000      0x20c Drivers/STM32F7xx_HAL_Driver/Src/stm32f7xx_hal.o
 .debug_frame   0x0000020c      0x27c Drivers/STM32F7xx_HAL_Driver/Src/stm32f7xx_hal_adc.o
 .debug_frame   0x00000488      0x15c Drivers/STM32F7xx_HAL_Driver/Src/stm32f7xx_hal_cortex.o
 .debug_frame   0x000005e4      0x108 Drivers/STM32F7xx_HAL_Driver/Src/stm32f7xx_hal_crc.o
 .debug_frame   0x000006ec       0x50 Drivers/STM32F7xx_HAL_Driver/Src/stm32f7xx_hal_crc_ex.o
 .debug_frame   0x0000073c      0x1b4 Drivers/STM32F7xx_HAL_Driver/Src/stm32f7xx_hal_dcmi.o
 .debug_frame   0x000008f0      0x318 Drivers/STM32F7xx_HAL_Driver/Src/stm32f7xx_hal_dma2d.o
 .debug_frame   0x00000c08       0xd8 Drivers/STM32F7xx_HAL_Driver/Src/stm32f7xx_hal_gpio.o
 .debug_frame   0x00000ce0      0x900 Drivers/STM32F7xx_HAL_Driver/Src/stm32f7xx_hal_i2c.o
 .debug_frame   0x000015e0       0x30 Drivers/STM32F7xx_HAL_Driver/Src/stm32f7xx_hal_i2c_ex.o
 .debug_frame   0x00001610      0x3fc Drivers/STM32F7xx_HAL_Driver/Src/stm32f7xx_hal_ltdc.o
 .debug_frame   0x00001a0c      0x134 Drivers/STM32F7xx_HAL_Driver/Src/stm32f7xx_hal_pwr.o
 .debug_frame   0x00001b40      0x134 Drivers/STM32F7xx_HAL_Driver/Src/stm32f7xx_hal_pwr_ex.o
 .debug_frame   0x00001c74      0x3fc Drivers/STM32F7xx_HAL_Driver/Src/stm32f7xx_hal_qspi.o
 .debug_frame   0x00002070      0x190 Drivers/STM32F7xx_HAL_Driver/Src/stm32f7xx_hal_rcc.o
 .debug_frame   0x00002200       0xcc Drivers/STM32F7xx_HAL_Driver/Src/stm32f7xx_hal_rcc_ex.o
 .debug_frame   0x000022cc      0x214 Drivers/STM32F7xx_HAL_Driver/Src/stm32f7xx_hal_rtc.o
 .debug_frame   0x000024e0      0x3a8 Drivers/STM32F7xx_HAL_Driver/Src/stm32f7xx_hal_rtc_ex.o
 .debug_frame   0x00002888      0x404 Drivers/STM32F7xx_HAL_Driver/Src/stm32f7xx_hal_sai.o
 .debug_frame   0x00002c8c      0x248 Drivers/STM32F7xx_HAL_Driver/Src/stm32f7xx_hal_sdram.o
 .debug_frame   0x00002ed4      0x2c0 Drivers/STM32F7xx_HAL_Driver/Src/stm32f7xx_hal_spdifrx.o
 .debug_frame   0x00003194      0x5b8 Drivers/STM32F7xx_HAL_Driver/Src/stm32f7xx_hal_spi.o
 .debug_frame   0x0000374c      0xae0 Drivers/STM32F7xx_HAL_Driver/Src/stm32f7xx_hal_tim.o
 .debug_frame   0x0000422c      0x3f0 Drivers/STM32F7xx_HAL_Driver/Src/stm32f7xx_hal_tim_ex.o
 .debug_frame   0x0000461c      0x578 Drivers/STM32F7xx_HAL_Driver/Src/stm32f7xx_hal_uart.o
 .debug_frame   0x00004b94      0x1f4 Drivers/STM32F7xx_HAL_Driver/Src/stm32f7xx_ll_fmc.o
 .debug_frame   0x00004d88      0x2fc Src/main.o
 .debug_frame   0x00005084      0x39c Src/stm32f7xx_hal_msp.o
 .debug_frame   0x00005420       0x50 Src/stm32f7xx_hal_timebase_tim.o
 .debug_frame   0x00005470       0xd8 Src/stm32f7xx_it.o
 .debug_frame   0x00005548       0x3c Src/system_stm32f7xx.o
 .debug_frame   0x00005584       0x2c c:/ac6/systemworkbench/plugins/fr.ac6.mcu.externaltools.arm-none.win32_1.17.0.201812190825/tools/compiler/bin/../lib/gcc/arm-none-eabi/7.3.1/thumb/v7e-m/fpv4-sp/hard\libgcc.a(_aeabi_uldivmod.o)
 .debug_frame   0x000055b0       0x34 c:/ac6/systemworkbench/plugins/fr.ac6.mcu.externaltools.arm-none.win32_1.17.0.201812190825/tools/compiler/bin/../lib/gcc/arm-none-eabi/7.3.1/thumb/v7e-m/fpv4-sp/hard\libgcc.a(_udivmoddi4.o)
 .debug_frame   0x000055e4       0x2c c:/ac6/systemworkbench/plugins/fr.ac6.mcu.externaltools.arm-none.win32_1.17.0.201812190825/tools/compiler/bin/../lib/gcc/arm-none-eabi/7.3.1/../../../../arm-none-eabi/lib/thumb/v7e-m/fpv4-sp/hard\libc_nano.a(lib_a-init.o)
 .debug_frame   0x00005610       0x20 c:/ac6/systemworkbench/plugins/fr.ac6.mcu.externaltools.arm-none.win32_1.17.0.201812190825/tools/compiler/bin/../lib/gcc/arm-none-eabi/7.3.1/../../../../arm-none-eabi/lib/thumb/v7e-m/fpv4-sp/hard\libc_nano.a(lib_a-memset.o)
